<?xml version="1.0" encoding="ISO-8859-1" ?>
<link_info>
   <banner>TI ARM Linker PC v20.2.6.LTS</banner>
   <copyright>Copyright (c) 1996-2018 Texas Instruments Incorporated</copyright>
   <link_time>0x6445c4f9</link_time>
   <link_errors>0x0</link_errors>
   <output_file>emb2Aoa.out</output_file>
   <entry_point>
      <name>_c_int00_noargs</name>
      <address>0x3b69</address>
   </entry_point>
   <input_file_list>
      <input_file id="fl-2">
         <path>.\</path>
         <kind>object</kind>
         <file>adc0.obj</file>
         <name>adc0.obj</name>
      </input_file>
      <input_file id="fl-3">
         <path>.\</path>
         <kind>object</kind>
         <file>clock.obj</file>
         <name>clock.obj</name>
      </input_file>
      <input_file id="fl-4">
         <path>.\</path>
         <kind>object</kind>
         <file>commands.obj</file>
         <name>commands.obj</name>
      </input_file>
      <input_file id="fl-5">
         <path>.\</path>
         <kind>object</kind>
         <file>gpio.obj</file>
         <name>gpio.obj</name>
      </input_file>
      <input_file id="fl-6">
         <path>.\</path>
         <kind>object</kind>
         <file>main.obj</file>
         <name>main.obj</name>
      </input_file>
      <input_file id="fl-7">
         <path>.\</path>
         <kind>object</kind>
         <file>nvic.obj</file>
         <name>nvic.obj</name>
      </input_file>
      <input_file id="fl-8">
         <path>.\</path>
         <kind>object</kind>
         <file>rgb_led.obj</file>
         <name>rgb_led.obj</name>
      </input_file>
      <input_file id="fl-9">
         <path>.\</path>
         <kind>object</kind>
         <file>tm4c123gh6pm_startup_ccs.obj</file>
         <name>tm4c123gh6pm_startup_ccs.obj</name>
      </input_file>
      <input_file id="fl-a">
         <path>.\</path>
         <kind>object</kind>
         <file>uart0.obj</file>
         <name>uart0.obj</name>
      </input_file>
      <input_file id="fl-b">
         <path>.\</path>
         <kind>object</kind>
         <file>wait.obj</file>
         <name>wait.obj</name>
      </input_file>
      <input_file id="fl-f">
         <kind>object</kind>
         <file>&lt;internal&gt;</file>
         <name>&lt;internal&gt;</name>
      </input_file>
      <input_file id="fl-c5">
         <path>C:\ti\ccs1200\ccs\tools\compiler\ti-cgt-arm_20.2.6.LTS\lib\</path>
         <kind>archive</kind>
         <file>rtsv7M4_T_le_v4SPD16_eabi.lib</file>
         <name>snprintf.c.obj</name>
      </input_file>
      <input_file id="fl-c6">
         <path>C:\ti\ccs1200\ccs\tools\compiler\ti-cgt-arm_20.2.6.LTS\lib\</path>
         <kind>archive</kind>
         <file>rtsv7M4_T_le_v4SPD16_eabi.lib</file>
         <name>fd_add_t2.asm.obj</name>
      </input_file>
      <input_file id="fl-c7">
         <path>C:\ti\ccs1200\ccs\tools\compiler\ti-cgt-arm_20.2.6.LTS\lib\</path>
         <kind>archive</kind>
         <file>rtsv7M4_T_le_v4SPD16_eabi.lib</file>
         <name>fd_div_t2.asm.obj</name>
      </input_file>
      <input_file id="fl-c8">
         <path>C:\ti\ccs1200\ccs\tools\compiler\ti-cgt-arm_20.2.6.LTS\lib\</path>
         <kind>archive</kind>
         <file>rtsv7M4_T_le_v4SPD16_eabi.lib</file>
         <name>fd_mul_t2.asm.obj</name>
      </input_file>
      <input_file id="fl-c9">
         <path>C:\ti\ccs1200\ccs\tools\compiler\ti-cgt-arm_20.2.6.LTS\lib\</path>
         <kind>archive</kind>
         <file>rtsv7M4_T_le_v4SPD16_eabi.lib</file>
         <name>fd_toi_t2.asm.obj</name>
      </input_file>
      <input_file id="fl-ca">
         <path>C:\ti\ccs1200\ccs\tools\compiler\ti-cgt-arm_20.2.6.LTS\lib\</path>
         <kind>archive</kind>
         <file>rtsv7M4_T_le_v4SPD16_eabi.lib</file>
         <name>fd_tos_t2.asm.obj</name>
      </input_file>
      <input_file id="fl-cb">
         <path>C:\ti\ccs1200\ccs\tools\compiler\ti-cgt-arm_20.2.6.LTS\lib\</path>
         <kind>archive</kind>
         <file>rtsv7M4_T_le_v4SPD16_eabi.lib</file>
         <name>fs_tod_t2.asm.obj</name>
      </input_file>
      <input_file id="fl-cc">
         <path>C:\ti\ccs1200\ccs\tools\compiler\ti-cgt-arm_20.2.6.LTS\lib\</path>
         <kind>archive</kind>
         <file>rtsv7M4_T_le_v4SPD16_eabi.lib</file>
         <name>i_tofd_t2.asm.obj</name>
      </input_file>
      <input_file id="fl-cd">
         <path>C:\ti\ccs1200\ccs\tools\compiler\ti-cgt-arm_20.2.6.LTS\lib\</path>
         <kind>archive</kind>
         <file>rtsv7M4_T_le_v4SPD16_eabi.lib</file>
         <name>memcpy_t2.asm.obj</name>
      </input_file>
      <input_file id="fl-ce">
         <path>C:\ti\ccs1200\ccs\tools\compiler\ti-cgt-arm_20.2.6.LTS\lib\</path>
         <kind>archive</kind>
         <file>rtsv7M4_T_le_v4SPD16_eabi.lib</file>
         <name>u_tofd_t2.asm.obj</name>
      </input_file>
      <input_file id="fl-cf">
         <path>C:\ti\ccs1200\ccs\tools\compiler\ti-cgt-arm_20.2.6.LTS\lib\</path>
         <kind>archive</kind>
         <file>rtsv7M4_T_le_v4SPD16_eabi.lib</file>
         <name>copy_zero_init.c.obj</name>
      </input_file>
      <input_file id="fl-d0">
         <path>C:\ti\ccs1200\ccs\tools\compiler\ti-cgt-arm_20.2.6.LTS\lib\</path>
         <kind>archive</kind>
         <file>rtsv7M4_T_le_v4SPD16_eabi.lib</file>
         <name>copy_decompress_none.c.obj</name>
      </input_file>
      <input_file id="fl-d1">
         <path>C:\ti\ccs1200\ccs\tools\compiler\ti-cgt-arm_20.2.6.LTS\lib\</path>
         <kind>archive</kind>
         <file>rtsv7M4_T_le_v4SPD16_eabi.lib</file>
         <name>copy_decompress_lzss.c.obj</name>
      </input_file>
      <input_file id="fl-d2">
         <path>C:\ti\ccs1200\ccs\tools\compiler\ti-cgt-arm_20.2.6.LTS\lib\</path>
         <kind>archive</kind>
         <file>rtsv7M4_T_le_v4SPD16_eabi.lib</file>
         <name>boot_cortex_m.c.obj</name>
      </input_file>
      <input_file id="fl-d3">
         <path>C:\ti\ccs1200\ccs\tools\compiler\ti-cgt-arm_20.2.6.LTS\lib\</path>
         <kind>archive</kind>
         <file>rtsv7M4_T_le_v4SPD16_eabi.lib</file>
         <name>_printfi.c.obj</name>
      </input_file>
      <input_file id="fl-d4">
         <path>C:\ti\ccs1200\ccs\tools\compiler\ti-cgt-arm_20.2.6.LTS\lib\</path>
         <kind>archive</kind>
         <file>rtsv7M4_T_le_v4SPD16_eabi.lib</file>
         <name>fd_cmp_t2.asm.obj</name>
      </input_file>
      <input_file id="fl-d5">
         <path>C:\ti\ccs1200\ccs\tools\compiler\ti-cgt-arm_20.2.6.LTS\lib\</path>
         <kind>archive</kind>
         <file>rtsv7M4_T_le_v4SPD16_eabi.lib</file>
         <name>memset_t2.asm.obj</name>
      </input_file>
      <input_file id="fl-d6">
         <path>C:\ti\ccs1200\ccs\tools\compiler\ti-cgt-arm_20.2.6.LTS\lib\</path>
         <kind>archive</kind>
         <file>rtsv7M4_T_le_v4SPD16_eabi.lib</file>
         <name>ull_div_t2.asm.obj</name>
      </input_file>
      <input_file id="fl-d7">
         <path>C:\ti\ccs1200\ccs\tools\compiler\ti-cgt-arm_20.2.6.LTS\lib\</path>
         <kind>archive</kind>
         <file>rtsv7M4_T_le_v4SPD16_eabi.lib</file>
         <name>autoinit.c.obj</name>
      </input_file>
      <input_file id="fl-d8">
         <path>C:\ti\ccs1200\ccs\tools\compiler\ti-cgt-arm_20.2.6.LTS\lib\</path>
         <kind>archive</kind>
         <file>rtsv7M4_T_le_v4SPD16_eabi.lib</file>
         <name>pre_init.c.obj</name>
      </input_file>
      <input_file id="fl-d9">
         <path>C:\ti\ccs1200\ccs\tools\compiler\ti-cgt-arm_20.2.6.LTS\lib\</path>
         <kind>archive</kind>
         <file>rtsv7M4_T_le_v4SPD16_eabi.lib</file>
         <name>cpy_tbl.c.obj</name>
      </input_file>
      <input_file id="fl-da">
         <path>C:\ti\ccs1200\ccs\tools\compiler\ti-cgt-arm_20.2.6.LTS\lib\</path>
         <kind>archive</kind>
         <file>rtsv7M4_T_le_v4SPD16_eabi.lib</file>
         <name>exit.c.obj</name>
      </input_file>
      <input_file id="fl-db">
         <path>C:\ti\ccs1200\ccs\tools\compiler\ti-cgt-arm_20.2.6.LTS\lib\</path>
         <kind>archive</kind>
         <file>rtsv7M4_T_le_v4SPD16_eabi.lib</file>
         <name>_lock.c.obj</name>
      </input_file>
      <input_file id="fl-dc">
         <path>C:\ti\ccs1200\ccs\tools\compiler\ti-cgt-arm_20.2.6.LTS\lib\</path>
         <kind>archive</kind>
         <file>rtsv7M4_T_le_v4SPD16_eabi.lib</file>
         <name>_ltoa.c.obj</name>
      </input_file>
      <input_file id="fl-dd">
         <path>C:\ti\ccs1200\ccs\tools\compiler\ti-cgt-arm_20.2.6.LTS\lib\</path>
         <kind>archive</kind>
         <file>rtsv7M4_T_le_v4SPD16_eabi.lib</file>
         <name>args_main.c.obj</name>
      </input_file>
      <input_file id="fl-de">
         <path>C:\ti\ccs1200\ccs\tools\compiler\ti-cgt-arm_20.2.6.LTS\lib\</path>
         <kind>archive</kind>
         <file>rtsv7M4_T_le_v4SPD16_eabi.lib</file>
         <name>atoi.c.obj</name>
      </input_file>
      <input_file id="fl-df">
         <path>C:\ti\ccs1200\ccs\tools\compiler\ti-cgt-arm_20.2.6.LTS\lib\</path>
         <kind>archive</kind>
         <file>rtsv7M4_T_le_v4SPD16_eabi.lib</file>
         <name>ctype.c.obj</name>
      </input_file>
      <input_file id="fl-e0">
         <path>C:\ti\ccs1200\ccs\tools\compiler\ti-cgt-arm_20.2.6.LTS\lib\</path>
         <kind>archive</kind>
         <file>rtsv7M4_T_le_v4SPD16_eabi.lib</file>
         <name>memccpy.c.obj</name>
      </input_file>
      <input_file id="fl-e1">
         <path>C:\ti\ccs1200\ccs\tools\compiler\ti-cgt-arm_20.2.6.LTS\lib\</path>
         <kind>archive</kind>
         <file>rtsv7M4_T_le_v4SPD16_eabi.lib</file>
         <name>strchr.c.obj</name>
      </input_file>
      <input_file id="fl-e2">
         <path>C:\ti\ccs1200\ccs\tools\compiler\ti-cgt-arm_20.2.6.LTS\lib\</path>
         <kind>archive</kind>
         <file>rtsv7M4_T_le_v4SPD16_eabi.lib</file>
         <name>strlen.c.obj</name>
      </input_file>
      <input_file id="fl-e3">
         <path>C:\ti\ccs1200\ccs\tools\compiler\ti-cgt-arm_20.2.6.LTS\lib\</path>
         <kind>archive</kind>
         <file>rtsv7M4_T_le_v4SPD16_eabi.lib</file>
         <name>errno.c.obj</name>
      </input_file>
      <input_file id="fl-e4">
         <path>C:\ti\ccs1200\ccs\tools\compiler\ti-cgt-arm_20.2.6.LTS\lib\</path>
         <kind>archive</kind>
         <file>rtsv7M4_T_le_v4SPD16_eabi.lib</file>
         <name>s_frexp.c.obj</name>
      </input_file>
      <input_file id="fl-e5">
         <path>C:\ti\ccs1200\ccs\tools\compiler\ti-cgt-arm_20.2.6.LTS\lib\</path>
         <kind>archive</kind>
         <file>rtsv7M4_T_le_v4SPD16_eabi.lib</file>
         <name>s_scalbn.c.obj</name>
      </input_file>
      <input_file id="fl-e6">
         <path>C:\ti\ccs1200\ccs\tools\compiler\ti-cgt-arm_20.2.6.LTS\lib\</path>
         <kind>archive</kind>
         <file>rtsv7M4_T_le_v4SPD16_eabi.lib</file>
         <name>s_copysign.c.obj</name>
      </input_file>
      <input_file id="fl-e7">
         <path>C:\ti\ccs1200\ccs\tools\compiler\ti-cgt-arm_20.2.6.LTS\lib\</path>
         <kind>archive</kind>
         <file>rtsv7M4_T_le_v4SPD16_eabi.lib</file>
         <name>wcslen.c.obj</name>
      </input_file>
      <input_file id="fl-e8">
         <path>C:\ti\ccs1200\ccs\tools\compiler\ti-cgt-arm_20.2.6.LTS\lib\</path>
         <kind>archive</kind>
         <file>rtsv7M4_T_le_v4SPD16_eabi.lib</file>
         <name>div0.asm.obj</name>
      </input_file>
   </input_file_list>
   <object_component_list>
      <object_component id="oc-12">
         <name>.intvecs</name>
         <load_address>0x0</load_address>
         <run_address>0x0</run_address>
         <size>0x26c</size>
         <input_file_ref idref="fl-9"/>
      </object_component>
      <object_component id="oc-2d">
         <name>.text</name>
         <load_address>0x26c</load_address>
         <run_address>0x26c</run_address>
         <size>0xcb4</size>
         <input_file_ref idref="fl-6"/>
      </object_component>
      <object_component id="oc-12d">
         <name>.text:__TI_printfi</name>
         <load_address>0xf20</load_address>
         <run_address>0xf20</run_address>
         <size>0xa4e</size>
         <input_file_ref idref="fl-d3"/>
      </object_component>
      <object_component id="oc-2d1">
         <name>.text</name>
         <load_address>0x196e</load_address>
         <run_address>0x196e</run_address>
         <size>0x2</size>
         <input_file_ref idref="fl-e8"/>
      </object_component>
      <object_component id="oc-cf">
         <name>.text</name>
         <load_address>0x1970</load_address>
         <run_address>0x1970</run_address>
         <size>0x808</size>
         <input_file_ref idref="fl-5"/>
      </object_component>
      <object_component id="oc-db">
         <name>.text</name>
         <load_address>0x2178</load_address>
         <run_address>0x2178</run_address>
         <size>0x288</size>
         <input_file_ref idref="fl-4"/>
      </object_component>
      <object_component id="oc-1f8">
         <name>.text:_pconv_a</name>
         <load_address>0x2400</load_address>
         <run_address>0x2400</run_address>
         <size>0x270</size>
         <input_file_ref idref="fl-d3"/>
      </object_component>
      <object_component id="oc-1e6">
         <name>.text:_pconv_g</name>
         <load_address>0x2670</load_address>
         <run_address>0x2670</run_address>
         <size>0x1d0</size>
         <input_file_ref idref="fl-d3"/>
      </object_component>
      <object_component id="oc-aa">
         <name>.text</name>
         <load_address>0x2840</load_address>
         <run_address>0x2840</run_address>
         <size>0x1b6</size>
         <input_file_ref idref="fl-c6"/>
      </object_component>
      <object_component id="oc-1f2">
         <name>.text:_pconv_e</name>
         <load_address>0x29f8</load_address>
         <run_address>0x29f8</run_address>
         <size>0x13c</size>
         <input_file_ref idref="fl-d3"/>
      </object_component>
      <object_component id="oc-a0">
         <name>.text</name>
         <load_address>0x2b34</load_address>
         <run_address>0x2b34</run_address>
         <size>0x136</size>
         <input_file_ref idref="fl-c7"/>
      </object_component>
      <object_component id="oc-7a">
         <name>.text</name>
         <load_address>0x2c6c</load_address>
         <run_address>0x2c6c</run_address>
         <size>0x128</size>
         <input_file_ref idref="fl-a"/>
      </object_component>
      <object_component id="oc-26e">
         <name>.text:fcvt</name>
         <load_address>0x2d94</load_address>
         <run_address>0x2d94</run_address>
         <size>0x124</size>
         <input_file_ref idref="fl-d3"/>
      </object_component>
      <object_component id="oc-c0">
         <name>.text</name>
         <load_address>0x2eb8</load_address>
         <run_address>0x2eb8</run_address>
         <size>0x118</size>
         <input_file_ref idref="fl-8"/>
      </object_component>
      <object_component id="oc-282">
         <name>.text:scalbn</name>
         <load_address>0x2fd0</load_address>
         <run_address>0x2fd0</run_address>
         <size>0x110</size>
         <input_file_ref idref="fl-e5"/>
      </object_component>
      <object_component id="oc-74">
         <name>.text</name>
         <load_address>0x30e0</load_address>
         <run_address>0x30e0</run_address>
         <size>0x10c</size>
         <input_file_ref idref="fl-2"/>
      </object_component>
      <object_component id="oc-a5">
         <name>.text</name>
         <load_address>0x31ec</load_address>
         <run_address>0x31ec</run_address>
         <size>0xfc</size>
         <input_file_ref idref="fl-c8"/>
      </object_component>
      <object_component id="oc-d5">
         <name>.text</name>
         <load_address>0x32e8</load_address>
         <run_address>0x32e8</run_address>
         <size>0xd4</size>
         <input_file_ref idref="fl-7"/>
      </object_component>
      <object_component id="oc-1db">
         <name>.text:_ltostr</name>
         <load_address>0x33bc</load_address>
         <run_address>0x33bc</run_address>
         <size>0xb1</size>
         <input_file_ref idref="fl-d3"/>
      </object_component>
      <object_component id="oc-41">
         <name>.text</name>
         <load_address>0x346e</load_address>
         <run_address>0x346e</run_address>
         <size>0x9c</size>
         <input_file_ref idref="fl-cd"/>
      </object_component>
      <object_component id="oc-24f">
         <name>.text</name>
         <load_address>0x350a</load_address>
         <run_address>0x350a</run_address>
         <size>0x96</size>
         <input_file_ref idref="fl-d6"/>
      </object_component>
      <object_component id="oc-1e1">
         <name>.text:__aeabi_cdcmple</name>
         <load_address>0x35a0</load_address>
         <run_address>0x35a0</run_address>
         <size>0x86</size>
         <input_file_ref idref="fl-d4"/>
      </object_component>
      <object_component id="oc-256">
         <name>.text:__aeabi_cdrcmple</name>
         <load_address>0x3626</load_address>
         <run_address>0x3626</run_address>
         <size>0x86</size>
         <input_file_ref idref="fl-d4"/>
      </object_component>
      <object_component id="oc-112">
         <name>.text</name>
         <load_address>0x36ac</load_address>
         <run_address>0x36ac</run_address>
         <size>0x7a</size>
         <input_file_ref idref="fl-d5"/>
      </object_component>
      <object_component id="oc-267">
         <name>.text:_mcpy</name>
         <load_address>0x3726</load_address>
         <run_address>0x3726</run_address>
         <size>0x6e</size>
         <input_file_ref idref="fl-d3"/>
      </object_component>
      <object_component id="oc-af">
         <name>.text</name>
         <load_address>0x3794</load_address>
         <run_address>0x3794</run_address>
         <size>0x6e</size>
         <input_file_ref idref="fl-ca"/>
      </object_component>
      <object_component id="oc-15">
         <name>.text:decompress:lzss:__TI_decompress_lzss</name>
         <load_address>0x3802</load_address>
         <run_address>0x3802</run_address>
         <size>0x68</size>
         <input_file_ref idref="fl-d1"/>
      </object_component>
      <object_component id="oc-27c">
         <name>.text:frexp</name>
         <load_address>0x386c</load_address>
         <run_address>0x386c</run_address>
         <size>0x64</size>
         <input_file_ref idref="fl-e4"/>
      </object_component>
      <object_component id="oc-1ec">
         <name>.text:_pconv_f</name>
         <load_address>0x38d0</load_address>
         <run_address>0x38d0</run_address>
         <size>0x56</size>
         <input_file_ref idref="fl-d3"/>
      </object_component>
      <object_component id="oc-25b">
         <name>.text:__TI_ltoa</name>
         <load_address>0x3926</load_address>
         <run_address>0x3926</run_address>
         <size>0x54</size>
         <input_file_ref idref="fl-dc"/>
      </object_component>
      <object_component id="oc-261">
         <name>.text:_ecpy</name>
         <load_address>0x397a</load_address>
         <run_address>0x397a</run_address>
         <size>0x52</size>
         <input_file_ref idref="fl-d3"/>
      </object_component>
      <object_component id="oc-1d5">
         <name>.text:atoi</name>
         <load_address>0x39cc</load_address>
         <run_address>0x39cc</run_address>
         <size>0x4c</size>
         <input_file_ref idref="fl-de"/>
      </object_component>
      <object_component id="oc-80">
         <name>.text:snprintf</name>
         <load_address>0x3a18</load_address>
         <run_address>0x3a18</run_address>
         <size>0x4c</size>
         <input_file_ref idref="fl-c5"/>
      </object_component>
      <object_component id="oc-e1">
         <name>.text</name>
         <load_address>0x3a64</load_address>
         <run_address>0x3a64</run_address>
         <size>0x48</size>
         <input_file_ref idref="fl-c9"/>
      </object_component>
      <object_component id="oc-19b">
         <name>.text:__TI_auto_init_nobinit_nopinit:__TI_auto_init_nobinit_nopinit</name>
         <load_address>0x3aac</load_address>
         <run_address>0x3aac</run_address>
         <size>0x44</size>
         <input_file_ref idref="fl-d7"/>
      </object_component>
      <object_component id="oc-274">
         <name>.text:_fcpy</name>
         <load_address>0x3af0</load_address>
         <run_address>0x3af0</run_address>
         <size>0x3e</size>
         <input_file_ref idref="fl-d3"/>
      </object_component>
      <object_component id="oc-91">
         <name>.text</name>
         <load_address>0x3b2e</load_address>
         <run_address>0x3b2e</run_address>
         <size>0x38</size>
         <input_file_ref idref="fl-cb"/>
      </object_component>
      <object_component id="oc-5f">
         <name>.text:_c_int00_noargs:_c_int00_noargs</name>
         <load_address>0x3b68</load_address>
         <run_address>0x3b68</run_address>
         <size>0x34</size>
         <input_file_ref idref="fl-d2"/>
      </object_component>
      <object_component id="oc-133">
         <name>.text:_outs</name>
         <load_address>0x3b9c</load_address>
         <run_address>0x3b9c</run_address>
         <size>0x30</size>
         <input_file_ref idref="fl-c5"/>
      </object_component>
      <object_component id="oc-96">
         <name>.text</name>
         <load_address>0x3bcc</load_address>
         <run_address>0x3bcc</run_address>
         <size>0x2e</size>
         <input_file_ref idref="fl-cc"/>
      </object_component>
      <object_component id="oc-9b">
         <name>.text</name>
         <load_address>0x3bfa</load_address>
         <run_address>0x3bfa</run_address>
         <size>0x20</size>
         <input_file_ref idref="fl-ce"/>
      </object_component>
      <object_component id="oc-4d">
         <name>.text:decompress:ZI:__TI_zero_init_nomemset:__TI_zero_init_nomemset</name>
         <load_address>0x3c1a</load_address>
         <run_address>0x3c1a</run_address>
         <size>0x1c</size>
         <input_file_ref idref="fl-cf"/>
      </object_component>
      <object_component id="oc-1fe">
         <name>.text:memccpy</name>
         <load_address>0x3c36</load_address>
         <run_address>0x3c36</run_address>
         <size>0x1c</size>
         <input_file_ref idref="fl-e0"/>
      </object_component>
      <object_component id="oc-2e5">
         <name>.text:copysign</name>
         <load_address>0x3c52</load_address>
         <run_address>0x3c52</run_address>
         <size>0x1a</size>
         <input_file_ref idref="fl-e6"/>
      </object_component>
      <object_component id="oc-139">
         <name>.text:_outc</name>
         <load_address>0x3c6c</load_address>
         <run_address>0x3c6c</run_address>
         <size>0x18</size>
         <input_file_ref idref="fl-c5"/>
      </object_component>
      <object_component id="oc-288">
         <name>.text:strchr</name>
         <load_address>0x3c84</load_address>
         <run_address>0x3c84</run_address>
         <size>0x16</size>
         <input_file_ref idref="fl-e1"/>
      </object_component>
      <object_component id="oc-1cf">
         <name>.text:strlen</name>
         <load_address>0x3c9a</load_address>
         <run_address>0x3c9a</run_address>
         <size>0x14</size>
         <input_file_ref idref="fl-e2"/>
      </object_component>
      <object_component id="oc-204">
         <name>.text:wcslen</name>
         <load_address>0x3cae</load_address>
         <run_address>0x3cae</run_address>
         <size>0x12</size>
         <input_file_ref idref="fl-e7"/>
      </object_component>
      <object_component id="oc-c9">
         <name>.text</name>
         <load_address>0x3cc0</load_address>
         <run_address>0x3cc0</run_address>
         <size>0x10</size>
         <input_file_ref idref="fl-3"/>
      </object_component>
      <object_component id="oc-1b">
         <name>.text:decompress:none:__TI_decompress_none</name>
         <load_address>0x3cd0</load_address>
         <run_address>0x3cd0</run_address>
         <size>0xe</size>
         <input_file_ref idref="fl-d0"/>
      </object_component>
      <object_component id="oc-27">
         <name>.text</name>
         <load_address>0x3cde</load_address>
         <run_address>0x3cde</run_address>
         <size>0xc</size>
         <input_file_ref idref="fl-9"/>
      </object_component>
      <object_component id="oc-20a">
         <name>.text:__aeabi_errno_addr</name>
         <load_address>0x3cec</load_address>
         <run_address>0x3cec</run_address>
         <size>0x8</size>
         <input_file_ref idref="fl-e3"/>
      </object_component>
      <object_component id="oc-118">
         <name>.text:_system_pre_init</name>
         <load_address>0x3cf4</load_address>
         <run_address>0x3cf4</run_address>
         <size>0x4</size>
         <input_file_ref idref="fl-d8"/>
      </object_component>
      <object_component id="oc-18f">
         <name>.text:abort:abort</name>
         <load_address>0x3cf8</load_address>
         <run_address>0x3cf8</run_address>
         <size>0x4</size>
         <input_file_ref idref="fl-da"/>
      </object_component>
      <object_component id="oc-24a">
         <name>.const:.string:_ctypes_</name>
         <load_address>0x3cfc</load_address>
         <run_address>0x3cfc</run_address>
         <size>0x101</size>
         <input_file_ref idref="fl-df"/>
      </object_component>
      <object_component id="oc-34c">
         <name>.cinit..data.load</name>
         <load_address>0x3e00</load_address>
         <run_address>0x3e00</run_address>
         <size>0x23</size>
      </object_component>
      <object_component id="oc-34a">
         <name>__TI_handler_table</name>
         <load_address>0x3e24</load_address>
         <run_address>0x3e24</run_address>
         <size>0xc</size>
      </object_component>
      <object_component id="oc-34d">
         <name>.cinit..bss.load</name>
         <load_address>0x3e30</load_address>
         <run_address>0x3e30</run_address>
         <size>0x8</size>
      </object_component>
      <object_component id="oc-34b">
         <name>__TI_cinit_table</name>
         <load_address>0x3e38</load_address>
         <run_address>0x3e38</run_address>
         <size>0x10</size>
      </object_component>
      <object_component id="oc-ba">
         <name>.data:ain0Buffer</name>
         <load_address>0x20001092</load_address>
         <run_address>0x20001092</run_address>
         <size>0xa</size>
         <input_file_ref idref="fl-6"/>
      </object_component>
      <object_component id="oc-bd">
         <name>.data:ain1Buffer</name>
         <load_address>0x2000109c</load_address>
         <run_address>0x2000109c</run_address>
         <size>0xa</size>
         <input_file_ref idref="fl-6"/>
      </object_component>
      <object_component id="oc-c6">
         <name>.data:ain2Buffer</name>
         <load_address>0x200010a6</load_address>
         <run_address>0x200010a6</run_address>
         <size>0xa</size>
         <input_file_ref idref="fl-6"/>
      </object_component>
      <object_component id="oc-8b">
         <name>.data</name>
         <load_address>0x2000105c</load_address>
         <run_address>0x2000105c</run_address>
         <size>0x35</size>
         <input_file_ref idref="fl-6"/>
      </object_component>
      <object_component id="oc-298">
         <name>.data</name>
         <load_address>0x200010b0</load_address>
         <run_address>0x200010b0</run_address>
         <size>0x4</size>
         <input_file_ref idref="fl-e3"/>
      </object_component>
      <object_component id="oc-86">
         <name>.common:ain0Raw</name>
         <uninitialized>true</uninitialized>
         <run_address>0x2000104e</run_address>
         <size>0x2</size>
      </object_component>
      <object_component id="oc-89">
         <name>.common:ain1Raw</name>
         <uninitialized>true</uninitialized>
         <run_address>0x20001052</run_address>
         <size>0x2</size>
      </object_component>
      <object_component id="oc-8a">
         <name>.common:ain2Raw</name>
         <uninitialized>true</uninitialized>
         <run_address>0x20001056</run_address>
         <size>0x2</size>
      </object_component>
      <object_component id="oc-8e">
         <name>.common:ain0Average</name>
         <uninitialized>true</uninitialized>
         <run_address>0x2000104c</run_address>
         <size>0x2</size>
      </object_component>
      <object_component id="oc-8f">
         <name>.common:ain1Average</name>
         <uninitialized>true</uninitialized>
         <run_address>0x20001050</run_address>
         <size>0x2</size>
      </object_component>
      <object_component id="oc-90">
         <name>.common:ain2Average</name>
         <uninitialized>true</uninitialized>
         <run_address>0x20001054</run_address>
         <size>0x2</size>
      </object_component>
      <object_component id="oc-b5">
         <name>.common:value1</name>
         <uninitialized>true</uninitialized>
         <run_address>0x2000105a</run_address>
         <size>0x1</size>
      </object_component>
      <object_component id="oc-b6">
         <name>.common:value2</name>
         <uninitialized>true</uninitialized>
         <run_address>0x2000105b</run_address>
         <size>0x1</size>
      </object_component>
      <object_component id="oc-b7">
         <name>.common:section</name>
         <uninitialized>true</uninitialized>
         <run_address>0x20001059</run_address>
         <size>0x1</size>
      </object_component>
      <object_component id="oc-b8">
         <name>.common:k</name>
         <uninitialized>true</uninitialized>
         <run_address>0x20001058</run_address>
         <size>0x1</size>
      </object_component>
      <object_component id="oc-b9">
         <name>.common:degree</name>
         <uninitialized>true</uninitialized>
         <run_address>0x20001048</run_address>
         <size>0x4</size>
      </object_component>
      <object_component id="oc-b4">
         <name>.common:buffer</name>
         <uninitialized>true</uninitialized>
         <run_address>0x20001000</run_address>
         <size>0x48</size>
      </object_component>
      <object_component id="oc-24">
         <name>.stack</name>
         <uninitialized>true</uninitialized>
         <run_address>0x20000000</run_address>
         <size>0x4</size>
         <input_file_ref idref="fl-d2"/>
      </object_component>
      <object_component id="oc-34f">
         <name>.stack</name>
         <uninitialized>true</uninitialized>
         <run_address>0x20000000</run_address>
         <size>0x0</size>
      </object_component>
      <object_component id="oc-17e">
         <name>.debug_info</name>
         <load_address>0x0</load_address>
         <run_address>0x0</run_address>
         <size>0x255</size>
         <input_file_ref idref="fl-2"/>
      </object_component>
      <object_component id="oc-75">
         <name>.debug_info</name>
         <load_address>0x255</load_address>
         <run_address>0x255</run_address>
         <size>0x275</size>
         <input_file_ref idref="fl-2"/>
      </object_component>
      <object_component id="oc-f8">
         <name>.debug_info</name>
         <load_address>0x4ca</load_address>
         <run_address>0x4ca</run_address>
         <size>0x26b</size>
         <input_file_ref idref="fl-2"/>
      </object_component>
      <object_component id="oc-3c">
         <name>.debug_info</name>
         <load_address>0x735</load_address>
         <run_address>0x735</run_address>
         <size>0x84</size>
         <input_file_ref idref="fl-2"/>
      </object_component>
      <object_component id="oc-179">
         <name>.debug_info</name>
         <load_address>0x7b9</load_address>
         <run_address>0x7b9</run_address>
         <size>0x2a4</size>
         <input_file_ref idref="fl-2"/>
      </object_component>
      <object_component id="oc-ec">
         <name>.debug_info</name>
         <load_address>0xa5d</load_address>
         <run_address>0xa5d</run_address>
         <size>0xbb</size>
         <input_file_ref idref="fl-2"/>
      </object_component>
      <object_component id="oc-cc">
         <name>.debug_info</name>
         <load_address>0xb18</load_address>
         <run_address>0xb18</run_address>
         <size>0x113</size>
         <input_file_ref idref="fl-3"/>
      </object_component>
      <object_component id="oc-177">
         <name>.debug_info</name>
         <load_address>0xc2b</load_address>
         <run_address>0xc2b</run_address>
         <size>0x2b3</size>
         <input_file_ref idref="fl-4"/>
      </object_component>
      <object_component id="oc-dd">
         <name>.debug_info</name>
         <load_address>0xede</load_address>
         <run_address>0xede</run_address>
         <size>0x5b6</size>
         <input_file_ref idref="fl-4"/>
      </object_component>
      <object_component id="oc-f1">
         <name>.debug_info</name>
         <load_address>0x1494</load_address>
         <run_address>0x1494</run_address>
         <size>0x8a</size>
         <input_file_ref idref="fl-4"/>
      </object_component>
      <object_component id="oc-e7">
         <name>.debug_info</name>
         <load_address>0x151e</load_address>
         <run_address>0x151e</run_address>
         <size>0x8b</size>
         <input_file_ref idref="fl-4"/>
      </object_component>
      <object_component id="oc-15c">
         <name>.debug_info</name>
         <load_address>0x15a9</load_address>
         <run_address>0x15a9</run_address>
         <size>0xcc</size>
         <input_file_ref idref="fl-4"/>
      </object_component>
      <object_component id="oc-14b">
         <name>.debug_info</name>
         <load_address>0x1675</load_address>
         <run_address>0x1675</run_address>
         <size>0x2c</size>
         <input_file_ref idref="fl-4"/>
      </object_component>
      <object_component id="oc-173">
         <name>.debug_info</name>
         <load_address>0x16a1</load_address>
         <run_address>0x16a1</run_address>
         <size>0x25b</size>
         <input_file_ref idref="fl-5"/>
      </object_component>
      <object_component id="oc-d0">
         <name>.debug_info</name>
         <load_address>0x18fc</load_address>
         <run_address>0x18fc</run_address>
         <size>0x10e1</size>
         <input_file_ref idref="fl-5"/>
      </object_component>
      <object_component id="oc-157">
         <name>.debug_info</name>
         <load_address>0x29dd</load_address>
         <run_address>0x29dd</run_address>
         <size>0x88</size>
         <input_file_ref idref="fl-5"/>
      </object_component>
      <object_component id="oc-87">
         <name>.debug_info</name>
         <load_address>0x2a65</load_address>
         <run_address>0x2a65</run_address>
         <size>0x794</size>
         <input_file_ref idref="fl-6"/>
      </object_component>
      <object_component id="oc-bb">
         <name>.debug_info</name>
         <load_address>0x31f9</load_address>
         <run_address>0x31f9</run_address>
         <size>0xce</size>
         <input_file_ref idref="fl-6"/>
      </object_component>
      <object_component id="oc-be">
         <name>.debug_info</name>
         <load_address>0x32c7</load_address>
         <run_address>0x32c7</run_address>
         <size>0xce</size>
         <input_file_ref idref="fl-6"/>
      </object_component>
      <object_component id="oc-c7">
         <name>.debug_info</name>
         <load_address>0x3395</load_address>
         <run_address>0x3395</run_address>
         <size>0xce</size>
         <input_file_ref idref="fl-6"/>
      </object_component>
      <object_component id="oc-8c">
         <name>.debug_info</name>
         <load_address>0x3463</load_address>
         <run_address>0x3463</run_address>
         <size>0x317</size>
         <input_file_ref idref="fl-6"/>
      </object_component>
      <object_component id="oc-2e">
         <name>.debug_info</name>
         <load_address>0x377a</load_address>
         <run_address>0x377a</run_address>
         <size>0x82c</size>
         <input_file_ref idref="fl-6"/>
      </object_component>
      <object_component id="oc-152">
         <name>.debug_info</name>
         <load_address>0x3fa6</load_address>
         <run_address>0x3fa6</run_address>
         <size>0x35</size>
         <input_file_ref idref="fl-6"/>
      </object_component>
      <object_component id="oc-175">
         <name>.debug_info</name>
         <load_address>0x3fdb</load_address>
         <run_address>0x3fdb</run_address>
         <size>0x260</size>
         <input_file_ref idref="fl-7"/>
      </object_component>
      <object_component id="oc-d7">
         <name>.debug_info</name>
         <load_address>0x423b</load_address>
         <run_address>0x423b</run_address>
         <size>0x2fc</size>
         <input_file_ref idref="fl-7"/>
      </object_component>
      <object_component id="oc-c3">
         <name>.debug_info</name>
         <load_address>0x4537</load_address>
         <run_address>0x4537</run_address>
         <size>0x1b3</size>
         <input_file_ref idref="fl-8"/>
      </object_component>
      <object_component id="oc-35">
         <name>.debug_info</name>
         <load_address>0x46ea</load_address>
         <run_address>0x46ea</run_address>
         <size>0x2c3</size>
         <input_file_ref idref="fl-9"/>
      </object_component>
      <object_component id="oc-13">
         <name>.debug_info</name>
         <load_address>0x49ad</load_address>
         <run_address>0x49ad</run_address>
         <size>0xe6</size>
         <input_file_ref idref="fl-9"/>
      </object_component>
      <object_component id="oc-28">
         <name>.debug_info</name>
         <load_address>0x4a93</load_address>
         <run_address>0x4a93</run_address>
         <size>0x262</size>
         <input_file_ref idref="fl-9"/>
      </object_component>
      <object_component id="oc-12c">
         <name>.debug_info</name>
         <load_address>0x4cf5</load_address>
         <run_address>0x4cf5</run_address>
         <size>0x346</size>
         <input_file_ref idref="fl-a"/>
      </object_component>
      <object_component id="oc-7b">
         <name>.debug_info</name>
         <load_address>0x503b</load_address>
         <run_address>0x503b</run_address>
         <size>0x3bf</size>
         <input_file_ref idref="fl-a"/>
      </object_component>
      <object_component id="oc-140">
         <name>.debug_info</name>
         <load_address>0x53fa</load_address>
         <run_address>0x53fa</run_address>
         <size>0x33a</size>
         <input_file_ref idref="fl-c5"/>
      </object_component>
      <object_component id="oc-83">
         <name>.debug_info</name>
         <load_address>0x5734</load_address>
         <run_address>0x5734</run_address>
         <size>0x1ee</size>
         <input_file_ref idref="fl-c5"/>
      </object_component>
      <object_component id="oc-135">
         <name>.debug_info</name>
         <load_address>0x5922</load_address>
         <run_address>0x5922</run_address>
         <size>0x1c3</size>
         <input_file_ref idref="fl-c5"/>
      </object_component>
      <object_component id="oc-13c">
         <name>.debug_info</name>
         <load_address>0x5ae5</load_address>
         <run_address>0x5ae5</run_address>
         <size>0x176</size>
         <input_file_ref idref="fl-c5"/>
      </object_component>
      <object_component id="oc-141">
         <name>.debug_info</name>
         <load_address>0x5c5b</load_address>
         <run_address>0x5c5b</run_address>
         <size>0x2c</size>
         <input_file_ref idref="fl-c5"/>
      </object_component>
      <object_component id="oc-146">
         <name>.debug_info</name>
         <load_address>0x5c87</load_address>
         <run_address>0x5c87</run_address>
         <size>0x69</size>
         <input_file_ref idref="fl-c5"/>
      </object_component>
      <object_component id="oc-ab">
         <name>.debug_info</name>
         <load_address>0x5cf0</load_address>
         <run_address>0x5cf0</run_address>
         <size>0x14c</size>
         <input_file_ref idref="fl-c6"/>
      </object_component>
      <object_component id="oc-a1">
         <name>.debug_info</name>
         <load_address>0x5e3c</load_address>
         <run_address>0x5e3c</run_address>
         <size>0x13a</size>
         <input_file_ref idref="fl-c7"/>
      </object_component>
      <object_component id="oc-a7">
         <name>.debug_info</name>
         <load_address>0x5f76</load_address>
         <run_address>0x5f76</run_address>
         <size>0x13a</size>
         <input_file_ref idref="fl-c8"/>
      </object_component>
      <object_component id="oc-e2">
         <name>.debug_info</name>
         <load_address>0x60b0</load_address>
         <run_address>0x60b0</run_address>
         <size>0x12e</size>
         <input_file_ref idref="fl-c9"/>
      </object_component>
      <object_component id="oc-b2">
         <name>.debug_info</name>
         <load_address>0x61de</load_address>
         <run_address>0x61de</run_address>
         <size>0x13e</size>
         <input_file_ref idref="fl-ca"/>
      </object_component>
      <object_component id="oc-93">
         <name>.debug_info</name>
         <load_address>0x631c</load_address>
         <run_address>0x631c</run_address>
         <size>0x12c</size>
         <input_file_ref idref="fl-cb"/>
      </object_component>
      <object_component id="oc-99">
         <name>.debug_info</name>
         <load_address>0x6448</load_address>
         <run_address>0x6448</run_address>
         <size>0x12c</size>
         <input_file_ref idref="fl-cc"/>
      </object_component>
      <object_component id="oc-44">
         <name>.debug_info</name>
         <load_address>0x6574</load_address>
         <run_address>0x6574</run_address>
         <size>0x119</size>
         <input_file_ref idref="fl-cd"/>
      </object_component>
      <object_component id="oc-9e">
         <name>.debug_info</name>
         <load_address>0x668d</load_address>
         <run_address>0x668d</run_address>
         <size>0x12e</size>
         <input_file_ref idref="fl-ce"/>
      </object_component>
      <object_component id="oc-111">
         <name>.debug_info</name>
         <load_address>0x67bb</load_address>
         <run_address>0x67bb</run_address>
         <size>0x2d4</size>
         <input_file_ref idref="fl-cf"/>
      </object_component>
      <object_component id="oc-51">
         <name>.debug_info</name>
         <load_address>0x6a8f</load_address>
         <run_address>0x6a8f</run_address>
         <size>0x1d2</size>
         <input_file_ref idref="fl-cf"/>
      </object_component>
      <object_component id="oc-10c">
         <name>.debug_info</name>
         <load_address>0x6c61</load_address>
         <run_address>0x6c61</run_address>
         <size>0x46</size>
         <input_file_ref idref="fl-cf"/>
      </object_component>
      <object_component id="oc-186">
         <name>.debug_info</name>
         <load_address>0x6ca7</load_address>
         <run_address>0x6ca7</run_address>
         <size>0x2c</size>
         <input_file_ref idref="fl-cf"/>
      </object_component>
      <object_component id="oc-4c">
         <name>.debug_info</name>
         <load_address>0x6cd3</load_address>
         <run_address>0x6cd3</run_address>
         <size>0x2a8</size>
         <input_file_ref idref="fl-d0"/>
      </object_component>
      <object_component id="oc-1c">
         <name>.debug_info</name>
         <load_address>0x6f7b</load_address>
         <run_address>0x6f7b</run_address>
         <size>0x1ea</size>
         <input_file_ref idref="fl-d0"/>
      </object_component>
      <object_component id="oc-47">
         <name>.debug_info</name>
         <load_address>0x7165</load_address>
         <run_address>0x7165</run_address>
         <size>0x46</size>
         <input_file_ref idref="fl-d0"/>
      </object_component>
      <object_component id="oc-104">
         <name>.debug_info</name>
         <load_address>0x71ab</load_address>
         <run_address>0x71ab</run_address>
         <size>0x2c</size>
         <input_file_ref idref="fl-d0"/>
      </object_component>
      <object_component id="oc-102">
         <name>.debug_info</name>
         <load_address>0x71d7</load_address>
         <run_address>0x71d7</run_address>
         <size>0x29e</size>
         <input_file_ref idref="fl-d1"/>
      </object_component>
      <object_component id="oc-17">
         <name>.debug_info</name>
         <load_address>0x7475</load_address>
         <run_address>0x7475</run_address>
         <size>0x250</size>
         <input_file_ref idref="fl-d1"/>
      </object_component>
      <object_component id="oc-37">
         <name>.debug_info</name>
         <load_address>0x76c5</load_address>
         <run_address>0x76c5</run_address>
         <size>0x60</size>
         <input_file_ref idref="fl-d1"/>
      </object_component>
      <object_component id="oc-17f">
         <name>.debug_info</name>
         <load_address>0x7725</load_address>
         <run_address>0x7725</run_address>
         <size>0x46</size>
         <input_file_ref idref="fl-d1"/>
      </object_component>
      <object_component id="oc-fd">
         <name>.debug_info</name>
         <load_address>0x776b</load_address>
         <run_address>0x776b</run_address>
         <size>0x39</size>
         <input_file_ref idref="fl-d1"/>
      </object_component>
      <object_component id="oc-25">
         <name>.debug_info</name>
         <load_address>0x77a4</load_address>
         <run_address>0x77a4</run_address>
         <size>0x10b</size>
         <input_file_ref idref="fl-d2"/>
      </object_component>
      <object_component id="oc-62">
         <name>.debug_info</name>
         <load_address>0x78af</load_address>
         <run_address>0x78af</run_address>
         <size>0x1a9</size>
         <input_file_ref idref="fl-d2"/>
      </object_component>
      <object_component id="oc-211">
         <name>.debug_info</name>
         <load_address>0x7a58</load_address>
         <run_address>0x7a58</run_address>
         <size>0x590</size>
         <input_file_ref idref="fl-d3"/>
      </object_component>
      <object_component id="oc-1de">
         <name>.debug_info</name>
         <load_address>0x7fe8</load_address>
         <run_address>0x7fe8</run_address>
         <size>0x21e</size>
         <input_file_ref idref="fl-d3"/>
      </object_component>
      <object_component id="oc-263">
         <name>.debug_info</name>
         <load_address>0x8206</load_address>
         <run_address>0x8206</run_address>
         <size>0x1b3</size>
         <input_file_ref idref="fl-d3"/>
      </object_component>
      <object_component id="oc-269">
         <name>.debug_info</name>
         <load_address>0x83b9</load_address>
         <run_address>0x83b9</run_address>
         <size>0x21b</size>
         <input_file_ref idref="fl-d3"/>
      </object_component>
      <object_component id="oc-1e8">
         <name>.debug_info</name>
         <load_address>0x85d4</load_address>
         <run_address>0x85d4</run_address>
         <size>0x3c0</size>
         <input_file_ref idref="fl-d3"/>
      </object_component>
      <object_component id="oc-270">
         <name>.debug_info</name>
         <load_address>0x8994</load_address>
         <run_address>0x8994</run_address>
         <size>0x30a</size>
         <input_file_ref idref="fl-d3"/>
      </object_component>
      <object_component id="oc-276">
         <name>.debug_info</name>
         <load_address>0x8c9e</load_address>
         <run_address>0x8c9e</run_address>
         <size>0x215</size>
         <input_file_ref idref="fl-d3"/>
      </object_component>
      <object_component id="oc-1ee">
         <name>.debug_info</name>
         <load_address>0x8eb3</load_address>
         <run_address>0x8eb3</run_address>
         <size>0x215</size>
         <input_file_ref idref="fl-d3"/>
      </object_component>
      <object_component id="oc-1f4">
         <name>.debug_info</name>
         <load_address>0x90c8</load_address>
         <run_address>0x90c8</run_address>
         <size>0x304</size>
         <input_file_ref idref="fl-d3"/>
      </object_component>
      <object_component id="oc-1fa">
         <name>.debug_info</name>
         <load_address>0x93cc</load_address>
         <run_address>0x93cc</run_address>
         <size>0x4b5</size>
         <input_file_ref idref="fl-d3"/>
      </object_component>
      <object_component id="oc-130">
         <name>.debug_info</name>
         <load_address>0x9881</load_address>
         <run_address>0x9881</run_address>
         <size>0x5f4</size>
         <input_file_ref idref="fl-d3"/>
      </object_component>
      <object_component id="oc-212">
         <name>.debug_info</name>
         <load_address>0x9e75</load_address>
         <run_address>0x9e75</run_address>
         <size>0x86</size>
         <input_file_ref idref="fl-d3"/>
      </object_component>
      <object_component id="oc-29f">
         <name>.debug_info</name>
         <load_address>0x9efb</load_address>
         <run_address>0x9efb</run_address>
         <size>0x39</size>
         <input_file_ref idref="fl-d3"/>
      </object_component>
      <object_component id="oc-2fc">
         <name>.debug_info</name>
         <load_address>0x9f34</load_address>
         <run_address>0x9f34</run_address>
         <size>0xb6</size>
         <input_file_ref idref="fl-d3"/>
      </object_component>
      <object_component id="oc-2a4">
         <name>.debug_info</name>
         <load_address>0x9fea</load_address>
         <run_address>0x9fea</run_address>
         <size>0x46</size>
         <input_file_ref idref="fl-d3"/>
      </object_component>
      <object_component id="oc-217">
         <name>.debug_info</name>
         <load_address>0xa030</load_address>
         <run_address>0xa030</run_address>
         <size>0x46</size>
         <input_file_ref idref="fl-d3"/>
      </object_component>
      <object_component id="oc-1e3">
         <name>.debug_info</name>
         <load_address>0xa076</load_address>
         <run_address>0xa076</run_address>
         <size>0x128</size>
         <input_file_ref idref="fl-d4"/>
      </object_component>
      <object_component id="oc-259">
         <name>.debug_info</name>
         <load_address>0xa19e</load_address>
         <run_address>0xa19e</run_address>
         <size>0x12a</size>
         <input_file_ref idref="fl-d4"/>
      </object_component>
      <object_component id="oc-115">
         <name>.debug_info</name>
         <load_address>0xa2c8</load_address>
         <run_address>0xa2c8</run_address>
         <size>0x147</size>
         <input_file_ref idref="fl-d5"/>
      </object_component>
      <object_component id="oc-250">
         <name>.debug_info</name>
         <load_address>0xa40f</load_address>
         <run_address>0xa40f</run_address>
         <size>0x134</size>
         <input_file_ref idref="fl-d6"/>
      </object_component>
      <object_component id="oc-233">
         <name>.debug_info</name>
         <load_address>0xa543</load_address>
         <run_address>0xa543</run_address>
         <size>0x4b3</size>
         <input_file_ref idref="fl-d7"/>
      </object_component>
      <object_component id="oc-19d">
         <name>.debug_info</name>
         <load_address>0xa9f6</load_address>
         <run_address>0xa9f6</run_address>
         <size>0x1a6</size>
         <input_file_ref idref="fl-d7"/>
      </object_component>
      <object_component id="oc-2b9">
         <name>.debug_info</name>
         <load_address>0xab9c</load_address>
         <run_address>0xab9c</run_address>
         <size>0x39</size>
         <input_file_ref idref="fl-d7"/>
      </object_component>
      <object_component id="oc-304">
         <name>.debug_info</name>
         <load_address>0xabd5</load_address>
         <run_address>0xabd5</run_address>
         <size>0x39</size>
         <input_file_ref idref="fl-d7"/>
      </object_component>
      <object_component id="oc-2be">
         <name>.debug_info</name>
         <load_address>0xac0e</load_address>
         <run_address>0xac0e</run_address>
         <size>0x39</size>
         <input_file_ref idref="fl-d7"/>
      </object_component>
      <object_component id="oc-2c3">
         <name>.debug_info</name>
         <load_address>0xac47</load_address>
         <run_address>0xac47</run_address>
         <size>0xcd</size>
         <input_file_ref idref="fl-d7"/>
      </object_component>
      <object_component id="oc-11b">
         <name>.debug_info</name>
         <load_address>0xad14</load_address>
         <run_address>0xad14</run_address>
         <size>0x153</size>
         <input_file_ref idref="fl-d8"/>
      </object_component>
      <object_component id="oc-191">
         <name>.debug_info</name>
         <load_address>0xae67</load_address>
         <run_address>0xae67</run_address>
         <size>0x122</size>
         <input_file_ref idref="fl-da"/>
      </object_component>
      <object_component id="oc-2d9">
         <name>.debug_info</name>
         <load_address>0xaf89</load_address>
         <run_address>0xaf89</run_address>
         <size>0x29c</size>
         <input_file_ref idref="fl-dc"/>
      </object_component>
      <object_component id="oc-25d">
         <name>.debug_info</name>
         <load_address>0xb225</load_address>
         <run_address>0xb225</run_address>
         <size>0x1da</size>
         <input_file_ref idref="fl-dc"/>
      </object_component>
      <object_component id="oc-24e">
         <name>.debug_info</name>
         <load_address>0xb3ff</load_address>
         <run_address>0xb3ff</run_address>
         <size>0x2b9</size>
         <input_file_ref idref="fl-de"/>
      </object_component>
      <object_component id="oc-1d8">
         <name>.debug_info</name>
         <load_address>0xb6b8</load_address>
         <run_address>0xb6b8</run_address>
         <size>0x17c</size>
         <input_file_ref idref="fl-de"/>
      </object_component>
      <object_component id="oc-2ce">
         <name>.debug_info</name>
         <load_address>0xb834</load_address>
         <run_address>0xb834</run_address>
         <size>0xf9</size>
         <input_file_ref idref="fl-df"/>
      </object_component>
      <object_component id="oc-24b">
         <name>.debug_info</name>
         <load_address>0xb92d</load_address>
         <run_address>0xb92d</run_address>
         <size>0x105</size>
         <input_file_ref idref="fl-df"/>
      </object_component>
      <object_component id="oc-290">
         <name>.debug_info</name>
         <load_address>0xba32</load_address>
         <run_address>0xba32</run_address>
         <size>0x2a7</size>
         <input_file_ref idref="fl-e0"/>
      </object_component>
      <object_component id="oc-202">
         <name>.debug_info</name>
         <load_address>0xbcd9</load_address>
         <run_address>0xbcd9</run_address>
         <size>0x1b8</size>
         <input_file_ref idref="fl-e0"/>
      </object_component>
      <object_component id="oc-2ee">
         <name>.debug_info</name>
         <load_address>0xbe91</load_address>
         <run_address>0xbe91</run_address>
         <size>0x29a</size>
         <input_file_ref idref="fl-e1"/>
      </object_component>
      <object_component id="oc-28b">
         <name>.debug_info</name>
         <load_address>0xc12b</load_address>
         <run_address>0xc12b</run_address>
         <size>0x262</size>
         <input_file_ref idref="fl-e1"/>
      </object_component>
      <object_component id="oc-249">
         <name>.debug_info</name>
         <load_address>0xc38d</load_address>
         <run_address>0xc38d</run_address>
         <size>0x28f</size>
         <input_file_ref idref="fl-e2"/>
      </object_component>
      <object_component id="oc-1d2">
         <name>.debug_info</name>
         <load_address>0xc61c</load_address>
         <run_address>0xc61c</run_address>
         <size>0x245</size>
         <input_file_ref idref="fl-e2"/>
      </object_component>
      <object_component id="oc-29c">
         <name>.debug_info</name>
         <load_address>0xc861</load_address>
         <run_address>0xc861</run_address>
         <size>0x289</size>
         <input_file_ref idref="fl-e3"/>
      </object_component>
      <object_component id="oc-299">
         <name>.debug_info</name>
         <load_address>0xcaea</load_address>
         <run_address>0xcaea</run_address>
         <size>0x10e</size>
         <input_file_ref idref="fl-e3"/>
      </object_component>
      <object_component id="oc-20b">
         <name>.debug_info</name>
         <load_address>0xcbf8</load_address>
         <run_address>0xcbf8</run_address>
         <size>0x14e</size>
         <input_file_ref idref="fl-e3"/>
      </object_component>
      <object_component id="oc-2df">
         <name>.debug_info</name>
         <load_address>0xcd46</load_address>
         <run_address>0xcd46</run_address>
         <size>0x295</size>
         <input_file_ref idref="fl-e4"/>
      </object_component>
      <object_component id="oc-27f">
         <name>.debug_info</name>
         <load_address>0xcfdb</load_address>
         <run_address>0xcfdb</run_address>
         <size>0x195</size>
         <input_file_ref idref="fl-e4"/>
      </object_component>
      <object_component id="oc-317">
         <name>.debug_info</name>
         <load_address>0xd170</load_address>
         <run_address>0xd170</run_address>
         <size>0x39</size>
         <input_file_ref idref="fl-e4"/>
      </object_component>
      <object_component id="oc-2e0">
         <name>.debug_info</name>
         <load_address>0xd1a9</load_address>
         <run_address>0xd1a9</run_address>
         <size>0x2c</size>
         <input_file_ref idref="fl-e4"/>
      </object_component>
      <object_component id="oc-2ec">
         <name>.debug_info</name>
         <load_address>0xd1d5</load_address>
         <run_address>0xd1d5</run_address>
         <size>0x2f8</size>
         <input_file_ref idref="fl-e5"/>
      </object_component>
      <object_component id="oc-283">
         <name>.debug_info</name>
         <load_address>0xd4cd</load_address>
         <run_address>0xd4cd</run_address>
         <size>0x225</size>
         <input_file_ref idref="fl-e5"/>
      </object_component>
      <object_component id="oc-2e7">
         <name>.debug_info</name>
         <load_address>0xd6f2</load_address>
         <run_address>0xd6f2</run_address>
         <size>0x161</size>
         <input_file_ref idref="fl-e6"/>
      </object_component>
      <object_component id="oc-297">
         <name>.debug_info</name>
         <load_address>0xd853</load_address>
         <run_address>0xd853</run_address>
         <size>0x28f</size>
         <input_file_ref idref="fl-e7"/>
      </object_component>
      <object_component id="oc-206">
         <name>.debug_info</name>
         <load_address>0xdae2</load_address>
         <run_address>0xdae2</run_address>
         <size>0x15a</size>
         <input_file_ref idref="fl-e7"/>
      </object_component>
      <object_component id="oc-2f1">
         <name>.debug_info</name>
         <load_address>0xdc3c</load_address>
         <run_address>0xdc3c</run_address>
         <size>0x46</size>
         <input_file_ref idref="fl-e7"/>
      </object_component>
      <object_component id="oc-292">
         <name>.debug_info</name>
         <load_address>0xdc82</load_address>
         <run_address>0xdc82</run_address>
         <size>0x39</size>
         <input_file_ref idref="fl-e7"/>
      </object_component>
      <object_component id="oc-2d2">
         <name>.debug_info</name>
         <load_address>0xdcbb</load_address>
         <run_address>0xdcbb</run_address>
         <size>0x115</size>
         <input_file_ref idref="fl-e8"/>
      </object_component>
      <object_component id="oc-350">
         <name>.debug_info</name>
         <load_address>0xddd0</load_address>
         <run_address>0xddd0</run_address>
         <size>0x99</size>
      </object_component>
      <object_component id="oc-227">
         <name>.debug_line</name>
         <load_address>0x0</load_address>
         <run_address>0x0</run_address>
         <size>0x20</size>
         <input_file_ref idref="fl-2"/>
      </object_component>
      <object_component id="oc-79">
         <name>.debug_line</name>
         <load_address>0x20</load_address>
         <run_address>0x20</run_address>
         <size>0xaa</size>
         <input_file_ref idref="fl-2"/>
      </object_component>
      <object_component id="oc-fb">
         <name>.debug_line</name>
         <load_address>0xca</load_address>
         <run_address>0xca</run_address>
         <size>0x6f</size>
         <input_file_ref idref="fl-2"/>
      </object_component>
      <object_component id="oc-3f">
         <name>.debug_line</name>
         <load_address>0x139</load_address>
         <run_address>0x139</run_address>
         <size>0x20</size>
         <input_file_ref idref="fl-2"/>
      </object_component>
      <object_component id="oc-17c">
         <name>.debug_line</name>
         <load_address>0x159</load_address>
         <run_address>0x159</run_address>
         <size>0x73</size>
         <input_file_ref idref="fl-2"/>
      </object_component>
      <object_component id="oc-ef">
         <name>.debug_line</name>
         <load_address>0x1cc</load_address>
         <run_address>0x1cc</run_address>
         <size>0x70</size>
         <input_file_ref idref="fl-2"/>
      </object_component>
      <object_component id="oc-ca">
         <name>.debug_line</name>
         <load_address>0x23c</load_address>
         <run_address>0x23c</run_address>
         <size>0x43</size>
         <input_file_ref idref="fl-3"/>
      </object_component>
      <object_component id="oc-225">
         <name>.debug_line</name>
         <load_address>0x27f</load_address>
         <run_address>0x27f</run_address>
         <size>0x31</size>
         <input_file_ref idref="fl-4"/>
      </object_component>
      <object_component id="oc-e0">
         <name>.debug_line</name>
         <load_address>0x2b0</load_address>
         <run_address>0x2b0</run_address>
         <size>0x17a</size>
         <input_file_ref idref="fl-4"/>
      </object_component>
      <object_component id="oc-f4">
         <name>.debug_line</name>
         <load_address>0x42a</load_address>
         <run_address>0x42a</run_address>
         <size>0x31</size>
         <input_file_ref idref="fl-4"/>
      </object_component>
      <object_component id="oc-ea">
         <name>.debug_line</name>
         <load_address>0x45b</load_address>
         <run_address>0x45b</run_address>
         <size>0x20</size>
         <input_file_ref idref="fl-4"/>
      </object_component>
      <object_component id="oc-15f">
         <name>.debug_line</name>
         <load_address>0x47b</load_address>
         <run_address>0x47b</run_address>
         <size>0x6a</size>
         <input_file_ref idref="fl-4"/>
      </object_component>
      <object_component id="oc-14e">
         <name>.debug_line</name>
         <load_address>0x4e5</load_address>
         <run_address>0x4e5</run_address>
         <size>0x6b</size>
         <input_file_ref idref="fl-4"/>
      </object_component>
      <object_component id="oc-221">
         <name>.debug_line</name>
         <load_address>0x550</load_address>
         <run_address>0x550</run_address>
         <size>0x20</size>
         <input_file_ref idref="fl-5"/>
      </object_component>
      <object_component id="oc-d3">
         <name>.debug_line</name>
         <load_address>0x570</load_address>
         <run_address>0x570</run_address>
         <size>0x3d4</size>
         <input_file_ref idref="fl-5"/>
      </object_component>
      <object_component id="oc-15a">
         <name>.debug_line</name>
         <load_address>0x944</load_address>
         <run_address>0x944</run_address>
         <size>0x2d</size>
         <input_file_ref idref="fl-5"/>
      </object_component>
      <object_component id="oc-151">
         <name>.debug_line</name>
         <load_address>0x971</load_address>
         <run_address>0x971</run_address>
         <size>0xdb</size>
         <input_file_ref idref="fl-6"/>
      </object_component>
      <object_component id="oc-16b">
         <name>.debug_line</name>
         <load_address>0xa4c</load_address>
         <run_address>0xa4c</run_address>
         <size>0x2d</size>
         <input_file_ref idref="fl-6"/>
      </object_component>
      <object_component id="oc-16d">
         <name>.debug_line</name>
         <load_address>0xa79</load_address>
         <run_address>0xa79</run_address>
         <size>0x2d</size>
         <input_file_ref idref="fl-6"/>
      </object_component>
      <object_component id="oc-170">
         <name>.debug_line</name>
         <load_address>0xaa6</load_address>
         <run_address>0xaa6</run_address>
         <size>0x2d</size>
         <input_file_ref idref="fl-6"/>
      </object_component>
      <object_component id="oc-162">
         <name>.debug_line</name>
         <load_address>0xad3</load_address>
         <run_address>0xad3</run_address>
         <size>0x2d</size>
         <input_file_ref idref="fl-6"/>
      </object_component>
      <object_component id="oc-31">
         <name>.debug_line</name>
         <load_address>0xb00</load_address>
         <run_address>0xb00</run_address>
         <size>0x289</size>
         <input_file_ref idref="fl-6"/>
      </object_component>
      <object_component id="oc-155">
         <name>.debug_line</name>
         <load_address>0xd89</load_address>
         <run_address>0xd89</run_address>
         <size>0x74</size>
         <input_file_ref idref="fl-6"/>
      </object_component>
      <object_component id="oc-223">
         <name>.debug_line</name>
         <load_address>0xdfd</load_address>
         <run_address>0xdfd</run_address>
         <size>0x20</size>
         <input_file_ref idref="fl-7"/>
      </object_component>
      <object_component id="oc-d6">
         <name>.debug_line</name>
         <load_address>0xe1d</load_address>
         <run_address>0xe1d</run_address>
         <size>0x8d</size>
         <input_file_ref idref="fl-7"/>
      </object_component>
      <object_component id="oc-c5">
         <name>.debug_line</name>
         <load_address>0xeaa</load_address>
         <run_address>0xeaa</run_address>
         <size>0x79</size>
         <input_file_ref idref="fl-8"/>
      </object_component>
      <object_component id="oc-f7">
         <name>.debug_line</name>
         <load_address>0xf23</load_address>
         <run_address>0xf23</run_address>
         <size>0x41</size>
         <input_file_ref idref="fl-9"/>
      </object_component>
      <object_component id="oc-34">
         <name>.debug_line</name>
         <load_address>0xf64</load_address>
         <run_address>0xf64</run_address>
         <size>0x41</size>
         <input_file_ref idref="fl-9"/>
      </object_component>
      <object_component id="oc-2b">
         <name>.debug_line</name>
         <load_address>0xfa5</load_address>
         <run_address>0xfa5</run_address>
         <size>0xa1</size>
         <input_file_ref idref="fl-9"/>
      </object_component>
      <object_component id="oc-1ce">
         <name>.debug_line</name>
         <load_address>0x1046</load_address>
         <run_address>0x1046</run_address>
         <size>0x2d</size>
         <input_file_ref idref="fl-a"/>
      </object_component>
      <object_component id="oc-7f">
         <name>.debug_line</name>
         <load_address>0x1073</load_address>
         <run_address>0x1073</run_address>
         <size>0xe6</size>
         <input_file_ref idref="fl-a"/>
      </object_component>
      <object_component id="oc-21f">
         <name>.debug_line</name>
         <load_address>0x1159</load_address>
         <run_address>0x1159</run_address>
         <size>0x2e</size>
         <input_file_ref idref="fl-c5"/>
      </object_component>
      <object_component id="oc-82">
         <name>.debug_line</name>
         <load_address>0x1187</load_address>
         <run_address>0x1187</run_address>
         <size>0x5f</size>
         <input_file_ref idref="fl-c5"/>
      </object_component>
      <object_component id="oc-138">
         <name>.debug_line</name>
         <load_address>0x11e6</load_address>
         <run_address>0x11e6</run_address>
         <size>0x58</size>
         <input_file_ref idref="fl-c5"/>
      </object_component>
      <object_component id="oc-13e">
         <name>.debug_line</name>
         <load_address>0x123e</load_address>
         <run_address>0x123e</run_address>
         <size>0x46</size>
         <input_file_ref idref="fl-c5"/>
      </object_component>
      <object_component id="oc-144">
         <name>.debug_line</name>
         <load_address>0x1284</load_address>
         <run_address>0x1284</run_address>
         <size>0x91</size>
         <input_file_ref idref="fl-c5"/>
      </object_component>
      <object_component id="oc-149">
         <name>.debug_line</name>
         <load_address>0x1315</load_address>
         <run_address>0x1315</run_address>
         <size>0x2e</size>
         <input_file_ref idref="fl-c5"/>
      </object_component>
      <object_component id="oc-ae">
         <name>.debug_line</name>
         <load_address>0x1343</load_address>
         <run_address>0x1343</run_address>
         <size>0xd2</size>
         <input_file_ref idref="fl-c6"/>
      </object_component>
      <object_component id="oc-a4">
         <name>.debug_line</name>
         <load_address>0x1415</load_address>
         <run_address>0x1415</run_address>
         <size>0xa8</size>
         <input_file_ref idref="fl-c7"/>
      </object_component>
      <object_component id="oc-a6">
         <name>.debug_line</name>
         <load_address>0x14bd</load_address>
         <run_address>0x14bd</run_address>
         <size>0x8e</size>
         <input_file_ref idref="fl-c8"/>
      </object_component>
      <object_component id="oc-e5">
         <name>.debug_line</name>
         <load_address>0x154b</load_address>
         <run_address>0x154b</run_address>
         <size>0x5a</size>
         <input_file_ref idref="fl-c9"/>
      </object_component>
      <object_component id="oc-b0">
         <name>.debug_line</name>
         <load_address>0x15a5</load_address>
         <run_address>0x15a5</run_address>
         <size>0x67</size>
         <input_file_ref idref="fl-ca"/>
      </object_component>
      <object_component id="oc-92">
         <name>.debug_line</name>
         <load_address>0x160c</load_address>
         <run_address>0x160c</run_address>
         <size>0x57</size>
         <input_file_ref idref="fl-cb"/>
      </object_component>
      <object_component id="oc-97">
         <name>.debug_line</name>
         <load_address>0x1663</load_address>
         <run_address>0x1663</run_address>
         <size>0x50</size>
         <input_file_ref idref="fl-cc"/>
      </object_component>
      <object_component id="oc-43">
         <name>.debug_line</name>
         <load_address>0x16b3</load_address>
         <run_address>0x16b3</run_address>
         <size>0x88</size>
         <input_file_ref idref="fl-cd"/>
      </object_component>
      <object_component id="oc-9c">
         <name>.debug_line</name>
         <load_address>0x173b</load_address>
         <run_address>0x173b</run_address>
         <size>0x4c</size>
         <input_file_ref idref="fl-ce"/>
      </object_component>
      <object_component id="oc-18c">
         <name>.debug_line</name>
         <load_address>0x1787</load_address>
         <run_address>0x1787</run_address>
         <size>0x92</size>
         <input_file_ref idref="fl-cf"/>
      </object_component>
      <object_component id="oc-4f">
         <name>.debug_line</name>
         <load_address>0x1819</load_address>
         <run_address>0x1819</run_address>
         <size>0x56</size>
         <input_file_ref idref="fl-cf"/>
      </object_component>
      <object_component id="oc-10f">
         <name>.debug_line</name>
         <load_address>0x186f</load_address>
         <run_address>0x186f</run_address>
         <size>0x34</size>
         <input_file_ref idref="fl-cf"/>
      </object_component>
      <object_component id="oc-189">
         <name>.debug_line</name>
         <load_address>0x18a3</load_address>
         <run_address>0x18a3</run_address>
         <size>0x92</size>
         <input_file_ref idref="fl-cf"/>
      </object_component>
      <object_component id="oc-10a">
         <name>.debug_line</name>
         <load_address>0x1935</load_address>
         <run_address>0x1935</run_address>
         <size>0x20</size>
         <input_file_ref idref="fl-d0"/>
      </object_component>
      <object_component id="oc-20">
         <name>.debug_line</name>
         <load_address>0x1955</load_address>
         <run_address>0x1955</run_address>
         <size>0x55</size>
         <input_file_ref idref="fl-d0"/>
      </object_component>
      <object_component id="oc-4a">
         <name>.debug_line</name>
         <load_address>0x19aa</load_address>
         <run_address>0x19aa</run_address>
         <size>0x3a</size>
         <input_file_ref idref="fl-d0"/>
      </object_component>
      <object_component id="oc-107">
         <name>.debug_line</name>
         <load_address>0x19e4</load_address>
         <run_address>0x19e4</run_address>
         <size>0x92</size>
         <input_file_ref idref="fl-d0"/>
      </object_component>
      <object_component id="oc-185">
         <name>.debug_line</name>
         <load_address>0x1a76</load_address>
         <run_address>0x1a76</run_address>
         <size>0x20</size>
         <input_file_ref idref="fl-d1"/>
      </object_component>
      <object_component id="oc-16">
         <name>.debug_line</name>
         <load_address>0x1a96</load_address>
         <run_address>0x1a96</run_address>
         <size>0xa9</size>
         <input_file_ref idref="fl-d1"/>
      </object_component>
      <object_component id="oc-3a">
         <name>.debug_line</name>
         <load_address>0x1b3f</load_address>
         <run_address>0x1b3f</run_address>
         <size>0x3a</size>
         <input_file_ref idref="fl-d1"/>
      </object_component>
      <object_component id="oc-182">
         <name>.debug_line</name>
         <load_address>0x1b79</load_address>
         <run_address>0x1b79</run_address>
         <size>0x9a</size>
         <input_file_ref idref="fl-d1"/>
      </object_component>
      <object_component id="oc-100">
         <name>.debug_line</name>
         <load_address>0x1c13</load_address>
         <run_address>0x1c13</run_address>
         <size>0x96</size>
         <input_file_ref idref="fl-d1"/>
      </object_component>
      <object_component id="oc-72">
         <name>.debug_line</name>
         <load_address>0x1ca9</load_address>
         <run_address>0x1ca9</run_address>
         <size>0x33</size>
         <input_file_ref idref="fl-d2"/>
      </object_component>
      <object_component id="oc-64">
         <name>.debug_line</name>
         <load_address>0x1cdc</load_address>
         <run_address>0x1cdc</run_address>
         <size>0x45</size>
         <input_file_ref idref="fl-d2"/>
      </object_component>
      <object_component id="oc-29e">
         <name>.debug_line</name>
         <load_address>0x1d21</load_address>
         <run_address>0x1d21</run_address>
         <size>0x264</size>
         <input_file_ref idref="fl-d3"/>
      </object_component>
      <object_component id="oc-1dd">
         <name>.debug_line</name>
         <load_address>0x1f85</load_address>
         <run_address>0x1f85</run_address>
         <size>0x7a</size>
         <input_file_ref idref="fl-d3"/>
      </object_component>
      <object_component id="oc-266">
         <name>.debug_line</name>
         <load_address>0x1fff</load_address>
         <run_address>0x1fff</run_address>
         <size>0x51</size>
         <input_file_ref idref="fl-d3"/>
      </object_component>
      <object_component id="oc-26c">
         <name>.debug_line</name>
         <load_address>0x2050</load_address>
         <run_address>0x2050</run_address>
         <size>0x88</size>
         <input_file_ref idref="fl-d3"/>
      </object_component>
      <object_component id="oc-1eb">
         <name>.debug_line</name>
         <load_address>0x20d8</load_address>
         <run_address>0x20d8</run_address>
         <size>0x14d</size>
         <input_file_ref idref="fl-d3"/>
      </object_component>
      <object_component id="oc-273">
         <name>.debug_line</name>
         <load_address>0x2225</load_address>
         <run_address>0x2225</run_address>
         <size>0xee</size>
         <input_file_ref idref="fl-d3"/>
      </object_component>
      <object_component id="oc-279">
         <name>.debug_line</name>
         <load_address>0x2313</load_address>
         <run_address>0x2313</run_address>
         <size>0x5d</size>
         <input_file_ref idref="fl-d3"/>
      </object_component>
      <object_component id="oc-1f1">
         <name>.debug_line</name>
         <load_address>0x2370</load_address>
         <run_address>0x2370</run_address>
         <size>0x5c</size>
         <input_file_ref idref="fl-d3"/>
      </object_component>
      <object_component id="oc-1f7">
         <name>.debug_line</name>
         <load_address>0x23cc</load_address>
         <run_address>0x23cc</run_address>
         <size>0xae</size>
         <input_file_ref idref="fl-d3"/>
      </object_component>
      <object_component id="oc-1fd">
         <name>.debug_line</name>
         <load_address>0x247a</load_address>
         <run_address>0x247a</run_address>
         <size>0x1b0</size>
         <input_file_ref idref="fl-d3"/>
      </object_component>
      <object_component id="oc-12f">
         <name>.debug_line</name>
         <load_address>0x262a</load_address>
         <run_address>0x262a</run_address>
         <size>0x76f</size>
         <input_file_ref idref="fl-d3"/>
      </object_component>
      <object_component id="oc-215">
         <name>.debug_line</name>
         <load_address>0x2d99</load_address>
         <run_address>0x2d99</run_address>
         <size>0x92</size>
         <input_file_ref idref="fl-d3"/>
      </object_component>
      <object_component id="oc-2a2">
         <name>.debug_line</name>
         <load_address>0x2e2b</load_address>
         <run_address>0x2e2b</run_address>
         <size>0x92</size>
         <input_file_ref idref="fl-d3"/>
      </object_component>
      <object_component id="oc-2ff">
         <name>.debug_line</name>
         <load_address>0x2ebd</load_address>
         <run_address>0x2ebd</run_address>
         <size>0x9a</size>
         <input_file_ref idref="fl-d3"/>
      </object_component>
      <object_component id="oc-2a7">
         <name>.debug_line</name>
         <load_address>0x2f57</load_address>
         <run_address>0x2f57</run_address>
         <size>0x97</size>
         <input_file_ref idref="fl-d3"/>
      </object_component>
      <object_component id="oc-21a">
         <name>.debug_line</name>
         <load_address>0x2fee</load_address>
         <run_address>0x2fee</run_address>
         <size>0x2e</size>
         <input_file_ref idref="fl-d3"/>
      </object_component>
      <object_component id="oc-1e5">
         <name>.debug_line</name>
         <load_address>0x301c</load_address>
         <run_address>0x301c</run_address>
         <size>0x77</size>
         <input_file_ref idref="fl-d4"/>
      </object_component>
      <object_component id="oc-257">
         <name>.debug_line</name>
         <load_address>0x3093</load_address>
[...]
         <object_component_ref idref="oc-cf"/>
      </symbol>
      <symbol id="sm-134">
         <name>clearPinInterrupt</name>
         <value>0x1fc5</value>
         <object_component_ref idref="oc-cf"/>
      </symbol>
      <symbol id="sm-135">
         <name>selectPinPushPullOutput</name>
         <value>0x1aad</value>
         <object_component_ref idref="oc-cf"/>
      </symbol>
      <symbol id="sm-136">
         <name>selectPinInterruptHighLevel</name>
         <value>0x1f09</value>
         <object_component_ref idref="oc-cf"/>
      </symbol>
      <symbol id="sm-137">
         <name>selectPinInterruptFallingEdge</name>
         <value>0x1e63</value>
         <object_component_ref idref="oc-cf"/>
      </symbol>
      <symbol id="sm-138">
         <name>selectPinOpenDrainOutput</name>
         <value>0x1afb</value>
         <object_component_ref idref="oc-cf"/>
      </symbol>
      <symbol id="sm-139">
         <name>selectPinInterruptLowLevel</name>
         <value>0x1f43</value>
         <object_component_ref idref="oc-cf"/>
      </symbol>
      <symbol id="sm-13a">
         <name>setPortValue</name>
         <value>0x2071</value>
         <object_component_ref idref="oc-cf"/>
      </symbol>
      <symbol id="sm-13b">
         <name>enablePinInterrupt</name>
         <value>0x1f7d</value>
         <object_component_ref idref="oc-cf"/>
      </symbol>
      <symbol id="sm-13c">
         <name>setPinAuxFunction</name>
         <value>0x1d01</value>
         <object_component_ref idref="oc-cf"/>
      </symbol>
      <symbol id="sm-13d">
         <name>enablePort</name>
         <value>0x1971</value>
         <object_component_ref idref="oc-cf"/>
      </symbol>
      <symbol id="sm-13e">
         <name>disablePinPulldown</name>
         <value>0x1cd9</value>
         <object_component_ref idref="oc-cf"/>
      </symbol>
      <symbol id="sm-13f">
         <name>setPinCommitControl</name>
         <value>0x1be7</value>
         <object_component_ref idref="oc-cf"/>
      </symbol>
      <symbol id="sm-140">
         <name>disablePort</name>
         <value>0x1a2d</value>
         <object_component_ref idref="oc-cf"/>
      </symbol>
      <symbol id="sm-141">
         <name>disablePinInterrupt</name>
         <value>0x1fa1</value>
         <object_component_ref idref="oc-cf"/>
      </symbol>
      <symbol id="sm-142">
         <name>enablePinPullup</name>
         <value>0x1c63</value>
         <object_component_ref idref="oc-cf"/>
      </symbol>
      <symbol id="sm-143">
         <name>togglePinValue</name>
         <value>0x200f</value>
         <object_component_ref idref="oc-cf"/>
      </symbol>
      <symbol id="sm-144">
         <name>getPinValue</name>
         <value>0x2033</value>
         <object_component_ref idref="oc-cf"/>
      </symbol>
      <symbol id="sm-145">
         <name>enablePinPulldown</name>
         <value>0x1cb5</value>
         <object_component_ref idref="oc-cf"/>
      </symbol>
      <symbol id="sm-146">
         <name>disablePinPullup</name>
         <value>0x1c91</value>
         <object_component_ref idref="oc-cf"/>
      </symbol>
      <symbol id="sm-147">
         <name>selectPinDigitalInput</name>
         <value>0x1b49</value>
         <object_component_ref idref="oc-cf"/>
      </symbol>
      <symbol id="sm-148">
         <name>selectPinInterruptRisingEdge</name>
         <value>0x1e13</value>
         <object_component_ref idref="oc-cf"/>
      </symbol>
      <symbol id="sm-149">
         <name>setPinValue</name>
         <value>0x1fe9</value>
         <object_component_ref idref="oc-cf"/>
      </symbol>
      <symbol id="sm-22c">
         <name>ain0Raw</name>
         <value>0x2000104e</value>
      </symbol>
      <symbol id="sm-22d">
         <name>ain1Raw</name>
         <value>0x20001052</value>
      </symbol>
      <symbol id="sm-22e">
         <name>ain2Raw</name>
         <value>0x20001056</value>
      </symbol>
      <symbol id="sm-22f">
         <name>ain0Average</name>
         <value>0x2000104c</value>
      </symbol>
      <symbol id="sm-230">
         <name>ain1Average</name>
         <value>0x20001050</value>
      </symbol>
      <symbol id="sm-231">
         <name>ain2Average</name>
         <value>0x20001054</value>
      </symbol>
      <symbol id="sm-232">
         <name>value1</name>
         <value>0x2000105a</value>
      </symbol>
      <symbol id="sm-233">
         <name>value2</name>
         <value>0x2000105b</value>
      </symbol>
      <symbol id="sm-234">
         <name>section</name>
         <value>0x20001059</value>
      </symbol>
      <symbol id="sm-235">
         <name>k</name>
         <value>0x20001058</value>
      </symbol>
      <symbol id="sm-236">
         <name>degree</name>
         <value>0x20001048</value>
      </symbol>
      <symbol id="sm-237">
         <name>buffer</name>
         <value>0x20001000</value>
      </symbol>
      <symbol id="sm-238">
         <name>Adc0Ss1Isr</name>
         <value>0x26d</value>
         <object_component_ref idref="oc-2d"/>
      </symbol>
      <symbol id="sm-239">
         <name>holdoff</name>
         <value>0x20001084</value>
         <object_component_ref idref="oc-8b"/>
      </symbol>
      <symbol id="sm-23a">
         <name>spike</name>
         <value>0x20001076</value>
         <object_component_ref idref="oc-8b"/>
      </symbol>
      <symbol id="sm-23b">
         <name>timeConstant</name>
         <value>0x20001080</value>
         <object_component_ref idref="oc-8b"/>
      </symbol>
      <symbol id="sm-23c">
         <name>holdoffVal</name>
         <value>0x20001088</value>
         <object_component_ref idref="oc-8b"/>
      </symbol>
      <symbol id="sm-23d">
         <name>ain0Buffer</name>
         <value>0x20001092</value>
         <object_component_ref idref="oc-ba"/>
      </symbol>
      <symbol id="sm-23e">
         <name>setColor</name>
         <value>0x7d9</value>
         <object_component_ref idref="oc-2d"/>
      </symbol>
      <symbol id="sm-23f">
         <name>ain0Set</name>
         <value>0x20001068</value>
         <object_component_ref idref="oc-8b"/>
      </symbol>
      <symbol id="sm-240">
         <name>failOn</name>
         <value>0x20001073</value>
         <object_component_ref idref="oc-8b"/>
      </symbol>
      <symbol id="sm-241">
         <name>initHw</name>
         <value>0xa35</value>
         <object_component_ref idref="oc-2d"/>
      </symbol>
      <symbol id="sm-242">
         <name>ain2Sum</name>
         <value>0x20001064</value>
         <object_component_ref idref="oc-8b"/>
      </symbol>
      <symbol id="sm-243">
         <name>tdoaOn</name>
         <value>0x20001074</value>
         <object_component_ref idref="oc-8b"/>
      </symbol>
      <symbol id="sm-244">
         <name>main</name>
         <value>0xabd</value>
         <object_component_ref idref="oc-2d"/>
      </symbol>
      <symbol id="sm-245">
         <name>ain1Sum</name>
         <value>0x20001060</value>
         <object_component_ref idref="oc-8b"/>
      </symbol>
      <symbol id="sm-246">
         <name>index</name>
         <value>0x20001078</value>
         <object_component_ref idref="oc-8b"/>
      </symbol>
      <symbol id="sm-247">
         <name>ain1Count</name>
         <value>0x2000106e</value>
         <object_component_ref idref="oc-8b"/>
      </symbol>
      <symbol id="sm-248">
         <name>ain0Count</name>
         <value>0x2000106c</value>
         <object_component_ref idref="oc-8b"/>
      </symbol>
      <symbol id="sm-249">
         <name>ain2Count</name>
         <value>0x20001070</value>
         <object_component_ref idref="oc-8b"/>
      </symbol>
      <symbol id="sm-24a">
         <name>ain2Buffer</name>
         <value>0x200010a6</value>
         <object_component_ref idref="oc-c6"/>
      </symbol>
      <symbol id="sm-24b">
         <name>ain0Sum</name>
         <value>0x2000105c</value>
         <object_component_ref idref="oc-8b"/>
      </symbol>
      <symbol id="sm-24c">
         <name>wait</name>
         <value>0x20001090</value>
         <object_component_ref idref="oc-8b"/>
      </symbol>
      <symbol id="sm-24d">
         <name>ain2Set</name>
         <value>0x2000106a</value>
         <object_component_ref idref="oc-8b"/>
      </symbol>
      <symbol id="sm-24e">
         <name>backoff</name>
         <value>0x2000107c</value>
         <object_component_ref idref="oc-8b"/>
      </symbol>
      <symbol id="sm-24f">
         <name>count</name>
         <value>0x2000108c</value>
         <object_component_ref idref="oc-8b"/>
      </symbol>
      <symbol id="sm-250">
         <name>ain1Buffer</name>
         <value>0x2000109c</value>
         <object_component_ref idref="oc-bd"/>
      </symbol>
      <symbol id="sm-251">
         <name>aoaOn</name>
         <value>0x20001072</value>
         <object_component_ref idref="oc-8b"/>
      </symbol>
      <symbol id="sm-252">
         <name>ain1Set</name>
         <value>0x20001069</value>
         <object_component_ref idref="oc-8b"/>
      </symbol>
      <symbol id="sm-265">
         <name>disableNvicInterrupt</name>
         <value>0x3321</value>
         <object_component_ref idref="oc-d5"/>
      </symbol>
      <symbol id="sm-266">
         <name>enableNvicInterrupt</name>
         <value>0x32e9</value>
         <object_component_ref idref="oc-d5"/>
      </symbol>
      <symbol id="sm-267">
         <name>setNvicInterruptPriority</name>
         <value>0x3359</value>
         <object_component_ref idref="oc-d5"/>
      </symbol>
      <symbol id="sm-284">
         <name>setRgbColor</name>
         <value>0x2f61</value>
         <object_component_ref idref="oc-c0"/>
      </symbol>
      <symbol id="sm-285">
         <name>initRgb</name>
         <value>0x2eb9</value>
         <object_component_ref idref="oc-c0"/>
      </symbol>
      <symbol id="sm-2a1">
         <name>ResetISR</name>
         <value>0x3cdf</value>
         <object_component_ref idref="oc-27"/>
      </symbol>
      <symbol id="sm-2a2">
         <name>g_pfnVectors</name>
         <value>0x0</value>
         <object_component_ref idref="oc-12"/>
      </symbol>
      <symbol id="sm-2c5">
         <name>getcUart0</name>
         <value>0x2d43</value>
         <object_component_ref idref="oc-7a"/>
      </symbol>
      <symbol id="sm-2c6">
         <name>kbhitUart0</name>
         <value>0x2d57</value>
         <object_component_ref idref="oc-7a"/>
      </symbol>
      <symbol id="sm-2c7">
         <name>setUart0BaudRate</name>
         <value>0x2cb7</value>
         <object_component_ref idref="oc-7a"/>
      </symbol>
      <symbol id="sm-2c8">
         <name>putsUart0</name>
         <value>0x2d17</value>
         <object_component_ref idref="oc-7a"/>
      </symbol>
      <symbol id="sm-2c9">
         <name>initUart0</name>
         <value>0x2c6d</value>
         <object_component_ref idref="oc-7a"/>
      </symbol>
      <symbol id="sm-2ca">
         <name>putcUart0</name>
         <value>0x2cfb</value>
         <object_component_ref idref="oc-7a"/>
      </symbol>
      <symbol id="sm-2fa">
         <name>snprintf</name>
         <value>0x3a19</value>
         <object_component_ref idref="oc-80"/>
      </symbol>
      <symbol id="sm-311">
         <name>__aeabi_dsub</name>
         <value>0x2841</value>
         <object_component_ref idref="oc-aa"/>
      </symbol>
      <symbol id="sm-312">
         <name>__aeabi_dadd</name>
         <value>0x284b</value>
         <object_component_ref idref="oc-aa"/>
      </symbol>
      <symbol id="sm-326">
         <name>__aeabi_ddiv</name>
         <value>0x2b35</value>
         <object_component_ref idref="oc-a0"/>
      </symbol>
      <symbol id="sm-331">
         <name>__aeabi_dmul</name>
         <value>0x31ed</value>
         <object_component_ref idref="oc-a5"/>
      </symbol>
      <symbol id="sm-33b">
         <name>__aeabi_d2iz</name>
         <value>0x3a65</value>
         <object_component_ref idref="oc-e1"/>
      </symbol>
      <symbol id="sm-347">
         <name>__aeabi_d2f</name>
         <value>0x3795</value>
         <object_component_ref idref="oc-af"/>
      </symbol>
      <symbol id="sm-352">
         <name>__aeabi_f2d</name>
         <value>0x3b2f</value>
         <object_component_ref idref="oc-91"/>
      </symbol>
      <symbol id="sm-35c">
         <name>__aeabi_i2d</name>
         <value>0x3bcd</value>
         <object_component_ref idref="oc-96"/>
      </symbol>
      <symbol id="sm-377">
         <name>memcpy</name>
         <value>0x346f</value>
         <object_component_ref idref="oc-41"/>
      </symbol>
      <symbol id="sm-378">
         <name>__aeabi_memcpy</name>
         <value>0x346f</value>
         <object_component_ref idref="oc-41"/>
      </symbol>
      <symbol id="sm-379">
         <name>__aeabi_memcpy8</name>
         <value>0x346f</value>
         <object_component_ref idref="oc-41"/>
      </symbol>
      <symbol id="sm-37a">
         <name>__aeabi_memcpy4</name>
         <value>0x346f</value>
         <object_component_ref idref="oc-41"/>
      </symbol>
      <symbol id="sm-384">
         <name>__aeabi_ui2d</name>
         <value>0x3bfb</value>
         <object_component_ref idref="oc-9b"/>
      </symbol>
      <symbol id="sm-39d">
         <name>__TI_zero_init_nomemset</name>
         <value>0x3c1b</value>
         <object_component_ref idref="oc-4d"/>
      </symbol>
      <symbol id="sm-3b4">
         <name>__TI_decompress_none</name>
         <value>0x3cd1</value>
         <object_component_ref idref="oc-1b"/>
      </symbol>
      <symbol id="sm-3d7">
         <name>__TI_decompress_lzss</name>
         <value>0x3803</value>
         <object_component_ref idref="oc-15"/>
      </symbol>
      <symbol id="sm-3ea">
         <name>__stack</name>
         <value>0x20000000</value>
         <object_component_ref idref="oc-24"/>
      </symbol>
      <symbol id="sm-3eb">
         <name>_c_int00_noargs</name>
         <value>0x3b69</value>
         <object_component_ref idref="oc-5f"/>
      </symbol>
      <symbol id="sm-550">
         <name>__TI_printfi</name>
         <value>0xf21</value>
         <object_component_ref idref="oc-12d"/>
      </symbol>
      <symbol id="sm-572">
         <name>__aeabi_cdcmpeq</name>
         <value>0x35a1</value>
         <object_component_ref idref="oc-1e1"/>
      </symbol>
      <symbol id="sm-573">
         <name>__aeabi_cdcmple</name>
         <value>0x35a1</value>
         <object_component_ref idref="oc-1e1"/>
      </symbol>
      <symbol id="sm-574">
         <name>__aeabi_cdrcmple</name>
         <value>0x3627</value>
         <object_component_ref idref="oc-256"/>
      </symbol>
      <symbol id="sm-583">
         <name>__aeabi_memset</name>
         <value>0x36af</value>
         <object_component_ref idref="oc-112"/>
      </symbol>
      <symbol id="sm-584">
         <name>memset</name>
         <value>0x36b5</value>
         <object_component_ref idref="oc-112"/>
      </symbol>
      <symbol id="sm-585">
         <name>__aeabi_memset8</name>
         <value>0x36af</value>
         <object_component_ref idref="oc-112"/>
      </symbol>
      <symbol id="sm-586">
         <name>__aeabi_memset4</name>
         <value>0x36af</value>
         <object_component_ref idref="oc-112"/>
      </symbol>
      <symbol id="sm-587">
         <name>__aeabi_memclr8</name>
         <value>0x36ad</value>
         <object_component_ref idref="oc-112"/>
      </symbol>
      <symbol id="sm-588">
         <name>__aeabi_memclr4</name>
         <value>0x36ad</value>
         <object_component_ref idref="oc-112"/>
      </symbol>
      <symbol id="sm-589">
         <name>__aeabi_memclr</name>
         <value>0x36ad</value>
         <object_component_ref idref="oc-112"/>
      </symbol>
      <symbol id="sm-596">
         <name>__aeabi_uldivmod</name>
         <value>0x350b</value>
         <object_component_ref idref="oc-24f"/>
      </symbol>
      <symbol id="sm-5be">
         <name>__TI_auto_init_nobinit_nopinit</name>
         <value>0x3aad</value>
         <object_component_ref idref="oc-19b"/>
      </symbol>
      <symbol id="sm-5c8">
         <name>_system_pre_init</name>
         <value>0x3cf5</value>
         <object_component_ref idref="oc-118"/>
      </symbol>
      <symbol id="sm-5d4">
         <name>C$$EXIT</name>
         <value>0x3cf9</value>
         <object_component_ref idref="oc-18f"/>
      </symbol>
      <symbol id="sm-5d5">
         <name>abort</name>
         <value>0x3cf9</value>
         <object_component_ref idref="oc-18f"/>
      </symbol>
      <symbol id="sm-5e5">
         <name>__TI_ltoa</name>
         <value>0x3927</value>
         <object_component_ref idref="oc-25b"/>
      </symbol>
      <symbol id="sm-5fc">
         <name>atoi</name>
         <value>0x39cd</value>
         <object_component_ref idref="oc-1d5"/>
      </symbol>
      <symbol id="sm-607">
         <name>_ctypes_</name>
         <value>0x3cfc</value>
         <object_component_ref idref="oc-24a"/>
      </symbol>
      <symbol id="sm-617">
         <name>memccpy</name>
         <value>0x3c37</value>
         <object_component_ref idref="oc-1fe"/>
      </symbol>
      <symbol id="sm-627">
         <name>strchr</name>
         <value>0x3c85</value>
         <object_component_ref idref="oc-288"/>
      </symbol>
      <symbol id="sm-635">
         <name>strlen</name>
         <value>0x3c9b</value>
         <object_component_ref idref="oc-1cf"/>
      </symbol>
      <symbol id="sm-64b">
         <name>__aeabi_errno_addr</name>
         <value>0x3ced</value>
         <object_component_ref idref="oc-20a"/>
      </symbol>
      <symbol id="sm-64c">
         <name>errno</name>
         <value>0x200010b0</value>
         <object_component_ref idref="oc-298"/>
      </symbol>
      <symbol id="sm-66c">
         <name>frexpl</name>
         <value>0x386d</value>
         <object_component_ref idref="oc-27c"/>
      </symbol>
      <symbol id="sm-66d">
         <name>frexp</name>
         <value>0x386d</value>
         <object_component_ref idref="oc-27c"/>
      </symbol>
      <symbol id="sm-68a">
         <name>scalbn</name>
         <value>0x2fd1</value>
         <object_component_ref idref="oc-282"/>
      </symbol>
      <symbol id="sm-68b">
         <name>scalbnl</name>
         <value>0x2fd1</value>
         <object_component_ref idref="oc-282"/>
      </symbol>
      <symbol id="sm-68c">
         <name>ldexpl</name>
         <value>0x2fd1</value>
         <object_component_ref idref="oc-282"/>
      </symbol>
      <symbol id="sm-68d">
         <name>ldexp</name>
         <value>0x2fd1</value>
         <object_component_ref idref="oc-282"/>
      </symbol>
      <symbol id="sm-697">
         <name>copysign</name>
         <value>0x3c53</value>
         <object_component_ref idref="oc-2e5"/>
      </symbol>
      <symbol id="sm-698">
         <name>copysignl</name>
         <value>0x3c53</value>
         <object_component_ref idref="oc-2e5"/>
      </symbol>
      <symbol id="sm-6b1">
         <name>wcslen</name>
         <value>0x3caf</value>
         <object_component_ref idref="oc-204"/>
      </symbol>
      <symbol id="sm-6bb">
         <name>__aeabi_idiv0</name>
         <value>0x196f</value>
         <object_component_ref idref="oc-2d1"/>
      </symbol>
      <symbol id="sm-6bc">
         <name>__aeabi_ldiv0</name>
         <value>0x196f</value>
         <object_component_ref idref="oc-2d1"/>
      </symbol>
      <symbol id="sm-6bd">
         <name>__TI_static_base__</name>
         <value>0x0</value>
      </symbol>
      <symbol id="sm-6c0">
         <name>__mpu_init</name>
         <value>0x0</value>
      </symbol>
      <symbol id="sm-6c1">
         <name>_system_post_cinit</name>
         <value>0x0</value>
      </symbol>
   </symbol_table>
   <title>Link successful</title>
</link_info>
