******************************************************************************
                  TI ARM Linker PC v20.2.6                     
******************************************************************************
>> Linked Wed Apr  5 16:17:48 2023

OUTPUT FILE NAME:   <emb2Aoa.out>
ENTRY POINT SYMBOL: "_c_int00_noargs"  address: 00002f95


MEMORY CONFIGURATION

         name            origin    length      used     unused   attr    fill
----------------------  --------  ---------  --------  --------  ----  --------
  FLASH                 00000000   00040000  00003241  0003cdbf  R  X
  SRAM                  20000000   00008000  0000106a  00006f96  RW X


SEGMENT ALLOCATION MAP

run origin  load origin   length   init length attrs members
----------  ----------- ---------- ----------- ----- -------
00000000    00000000    00003248   00003248    r-x
  00000000    00000000    0000026c   0000026c    r-- .intvecs
  0000026c    0000026c    00002e9c   00002e9c    r-x .text
  00003108    00003108    00000101   00000101    r-- .const
  00003210    00003210    00000038   00000038    r-- .cinit
20000000    20000000    0000106a   00000000    rw-
  20000000    20000000    00001000   00000000    rw- .stack
  20001000    20001000    00000040   00000000    rw- .data
  20001040    20001040    0000002a   00000000    rw- .bss


SECTION ALLOCATION MAP

 output                                  attributes/
section   page    origin      length       input sections
--------  ----  ----------  ----------   ----------------
.intvecs   0    00000000    0000026c     
                  00000000    0000026c     tm4c123gh6pm_startup_ccs.obj (.intvecs)

.text      0    0000026c    00002e9c     
                  0000026c    00000a4e     rtsv7M4_T_le_v4SPD16_eabi.lib : _printfi.c.obj (.text:__TI_printfi)
                  00000cba    00000002                                   : div0.asm.obj (.text)
                  00000cbc    00000808     gpio.obj (.text)
                  000014c4    00000528     main.obj (.text)
                  000019ec    00000270     rtsv7M4_T_le_v4SPD16_eabi.lib : _printfi.c.obj (.text:_pconv_a)
                  00001c5c    000001d0                                   : _printfi.c.obj (.text:_pconv_g)
                  00001e2c    000001b6                                   : fd_add_t2.asm.obj (.text)
                  00001fe2    00000002     --HOLE-- [fill = 0]
                  00001fe4    0000013c                                   : _printfi.c.obj (.text:_pconv_e)
                  00002120    00000136                                   : fd_div_t2.asm.obj (.text)
                  00002256    00000002     --HOLE-- [fill = 0]
                  00002258    00000128     uart0.obj (.text)
                  00002380    00000124     rtsv7M4_T_le_v4SPD16_eabi.lib : _printfi.c.obj (.text:fcvt)
                  000024a4    00000110                                   : s_scalbn.c.obj (.text:scalbn)
                  000025b4    0000010c     adc0.obj (.text)
                  000026c0    000000fc     rtsv7M4_T_le_v4SPD16_eabi.lib : fd_mul_t2.asm.obj (.text)
                  000027bc    000000d4     nvic.obj (.text)
                  00002890    000000b1     rtsv7M4_T_le_v4SPD16_eabi.lib : _printfi.c.obj (.text:_ltostr)
                  00002941    00000001     --HOLE-- [fill = 0]
                  00002942    0000009c                                   : memcpy_t2.asm.obj (.text)
                  000029de    00000096                                   : ull_div_t2.asm.obj (.text)
                  00002a74    00000086                                   : fd_cmp_t2.asm.obj (.text:__aeabi_cdcmple)
                  00002afa    00000086                                   : fd_cmp_t2.asm.obj (.text:__aeabi_cdrcmple)
                  00002b80    0000007a                                   : memset_t2.asm.obj (.text)
                  00002bfa    0000006e                                   : _printfi.c.obj (.text:_mcpy)
                  00002c68    00000068                                   : copy_decompress_lzss.c.obj (.text:decompress:lzss:__TI_decompress_lzss)
                  00002cd0    00000064                                   : s_frexp.c.obj (.text:frexp)
                  00002d34    00000056                                   : _printfi.c.obj (.text:_pconv_f)
                  00002d8a    00000054                                   : _ltoa.c.obj (.text:__TI_ltoa)
                  00002dde    00000052                                   : _printfi.c.obj (.text:_ecpy)
                  00002e30    0000004c                                   : atoi.c.obj (.text:atoi)
                  00002e7c    0000004c                                   : snprintf.c.obj (.text:snprintf)
                  00002ec8    00000048                                   : fd_toi_t2.asm.obj (.text)
                  00002f10    00000044                                   : autoinit.c.obj (.text:__TI_auto_init_nobinit_nopinit:__TI_auto_init_nobinit_nopinit)
                  00002f54    0000003e                                   : _printfi.c.obj (.text:_fcpy)
                  00002f92    00000002     --HOLE-- [fill = 0]
                  00002f94    00000034                                   : boot_cortex_m.c.obj (.text:_c_int00_noargs:_c_int00_noargs)
                  00002fc8    00000030                                   : snprintf.c.obj (.text:_outs)
                  00002ff8    0000002e                                   : i_tofd_t2.asm.obj (.text)
                  00003026    0000001c                                   : copy_zero_init.c.obj (.text:decompress:ZI:__TI_zero_init_nomemset:__TI_zero_init_nomemset)
                  00003042    0000001c                                   : memccpy.c.obj (.text:memccpy)
                  0000305e    0000001a                                   : s_copysign.c.obj (.text:copysign)
                  00003078    00000018                                   : snprintf.c.obj (.text:_outc)
                  00003090    00000016                                   : strchr.c.obj (.text:strchr)
                  000030a6    00000014                                   : strlen.c.obj (.text:strlen)
                  000030ba    00000012                                   : wcslen.c.obj (.text:wcslen)
                  000030cc    00000010     clock.obj (.text)
                  000030dc    0000000e     rtsv7M4_T_le_v4SPD16_eabi.lib : copy_decompress_none.c.obj (.text:decompress:none:__TI_decompress_none)
                  000030ea    0000000c     tm4c123gh6pm_startup_ccs.obj (.text)
                  000030f6    00000002     --HOLE-- [fill = 0]
                  000030f8    00000008     rtsv7M4_T_le_v4SPD16_eabi.lib : errno.c.obj (.text:__aeabi_errno_addr)
                  00003100    00000004                                   : pre_init.c.obj (.text:_system_pre_init)
                  00003104    00000004                                   : exit.c.obj (.text:abort:abort)

.const     0    00003108    00000101     
                  00003108    00000101     rtsv7M4_T_le_v4SPD16_eabi.lib : ctype.c.obj (.const:.string:_ctypes_)

.cinit     0    00003210    00000038     
                  00003210    00000010     (.cinit..data.load) [load image, compression = lzss]
                  00003220    0000000c     (__TI_handler_table)
                  0000322c    00000004     --HOLE-- [fill = 0]
                  00003230    00000008     (.cinit..bss.load) [load image, compression = zero_init]
                  00003238    00000010     (__TI_cinit_table)

.init_array 
*          0    00000000    00000000     UNINITIALIZED

.data      0    20001000    00000040     UNINITIALIZED
                  20001000    0000001c     main.obj (.data)
                  2000101c    0000000a     main.obj (.data:ain0Buffer)
                  20001026    0000000a     main.obj (.data:ain1Buffer)
                  20001030    0000000a     main.obj (.data:ain2Buffer)
                  2000103a    00000002     --HOLE--
                  2000103c    00000004     rtsv7M4_T_le_v4SPD16_eabi.lib : errno.c.obj (.data)

.bss       0    20001040    0000002a     UNINITIALIZED
                  20001040    00000018     (.common:buffer)
                  20001058    00000002     (.common:ain0Average)
                  2000105a    00000002     (.common:ain0Raw)
                  2000105c    00000002     (.common:ain1Average)
                  2000105e    00000002     (.common:ain1Raw)
                  20001060    00000002     (.common:ain2Average)
                  20001062    00000002     (.common:ain2Raw)
                  20001064    00000002     (.common:degree)
                  20001066    00000001     (.common:max)
                  20001067    00000001     (.common:middle)
                  20001068    00000001     (.common:min)
                  20001069    00000001     (.common:section)

.stack     0    20000000    00001000     UNINITIALIZED
                  20000000    00000004     rtsv7M4_T_le_v4SPD16_eabi.lib : boot_cortex_m.c.obj (.stack)
                  20000004    00000ffc     --HOLE--

__llvm_prf_cnts 
*          0    20000000    00000000     UNINITIALIZED

MODULE SUMMARY

       Module                         code    ro data   rw data
       ------                         ----    -------   -------
    .\
       gpio.obj                       2056    0         0      
       main.obj                       1320    0         100    
       tm4c123gh6pm_startup_ccs.obj   12      620       0      
       uart0.obj                      296     0         0      
       adc0.obj                       268     0         0      
       nvic.obj                       212     0         0      
       clock.obj                      16      0         0      
    +--+------------------------------+-------+---------+---------+
       Total:                         4180    620       100    
                                                               
    C:\ti\ccs1200\ccs\tools\compiler\ti-cgt-arm_20.2.6.LTS\lib\rtsv7M4_T_le_v4SPD16_eabi.lib
       _printfi.c.obj                 4851    0         0      
       fd_add_t2.asm.obj              438     0         0      
       fd_div_t2.asm.obj              310     0         0      
       s_scalbn.c.obj                 272     0         0      
       fd_cmp_t2.asm.obj              268     0         0      
       ctype.c.obj                    0       257       0      
       fd_mul_t2.asm.obj              252     0         0      
       memcpy_t2.asm.obj              156     0         0      
       ull_div_t2.asm.obj             150     0         0      
       snprintf.c.obj                 148     0         0      
       memset_t2.asm.obj              122     0         0      
       copy_decompress_lzss.c.obj     104     0         0      
       s_frexp.c.obj                  100     0         0      
       _ltoa.c.obj                    84      0         0      
       atoi.c.obj                     76      0         0      
       fd_toi_t2.asm.obj              72      0         0      
       autoinit.c.obj                 68      0         0      
       boot_cortex_m.c.obj            52      0         0      
       i_tofd_t2.asm.obj              46      0         0      
       copy_zero_init.c.obj           28      0         0      
       memccpy.c.obj                  28      0         0      
       s_copysign.c.obj               26      0         0      
       strchr.c.obj                   22      0         0      
       strlen.c.obj                   20      0         0      
       wcslen.c.obj                   18      0         0      
       copy_decompress_none.c.obj     14      0         0      
       errno.c.obj                    8       0         4      
       exit.c.obj                     4       0         0      
       pre_init.c.obj                 4       0         0      
       div0.asm.obj                   2       0         0      
    +--+------------------------------+-------+---------+---------+
       Total:                         7743    257       4      
                                                               
       Stack:                         0       0         4096   
       Linker Generated:              0       52        0      
    +--+------------------------------+-------+---------+---------+
       Grand Total:                   11923   929       4200   


LINKER GENERATED COPY TABLES

__TI_cinit_table @ 00003238 records: 2, size/record: 8, table size: 16
	.data: load addr=00003210, load size=00000010 bytes, run addr=20001000, run size=00000040 bytes, compression=lzss
	.bss: load addr=00003230, load size=00000008 bytes, run addr=20001040, run size=0000002a bytes, compression=zero_init


LINKER GENERATED HANDLER TABLE

__TI_handler_table @ 00003220 records: 3, size/record: 4, table size: 12
	index: 0, handler: __TI_decompress_lzss
	index: 1, handler: __TI_decompress_none
	index: 2, handler: __TI_zero_init


GLOBAL SYMBOLS: SORTED ALPHABETICALLY BY Name 

address   name                          
-------   ----                          
000014c5  Adc0Ss1Isr                    
00003105  C$$EXIT                       
000030eb  ResetISR                      
20001000  __STACK_END                   
00001000  __STACK_SIZE                  
20000200  __STACK_TOP                   
00003238  __TI_CINIT_Base               
00003248  __TI_CINIT_Limit              
00003220  __TI_Handler_Table_Base       
0000322c  __TI_Handler_Table_Limit      
00002f11  __TI_auto_init_nobinit_nopinit
00002c69  __TI_decompress_lzss          
000030dd  __TI_decompress_none          
00002d8b  __TI_ltoa                     
ffffffff  __TI_pprof_out_hndl           
0000026d  __TI_printfi                  
ffffffff  __TI_prof_data_size           
ffffffff  __TI_prof_data_start          
00000000  __TI_static_base__            
00003027  __TI_zero_init_nomemset       
00002a75  __aeabi_cdcmpeq               
00002a75  __aeabi_cdcmple               
00002afb  __aeabi_cdrcmple              
00002ec9  __aeabi_d2iz                  
00001e37  __aeabi_dadd                  
00002121  __aeabi_ddiv                  
000026c1  __aeabi_dmul                  
00001e2d  __aeabi_dsub                  
000030f9  __aeabi_errno_addr            
00002ff9  __aeabi_i2d                   
00000cbb  __aeabi_idiv0                 
00000cbb  __aeabi_ldiv0                 
00002b81  __aeabi_memclr                
00002b81  __aeabi_memclr4               
00002b81  __aeabi_memclr8               
00002943  __aeabi_memcpy                
00002943  __aeabi_memcpy4               
00002943  __aeabi_memcpy8               
00002b83  __aeabi_memset                
00002b83  __aeabi_memset4               
00002b83  __aeabi_memset8               
000029df  __aeabi_uldivmod              
ffffffff  __binit__                     
ffffffff  __c_args__                    
UNDEFED   __mpu_init                    
20000000  __stack                       
20000000  __start___llvm_prf_cnts       
20000000  __stop___llvm_prf_cnts        
00002f95  _c_int00_noargs               
00003108  _ctypes_                      
UNDEFED   _system_post_cinit            
00003101  _system_pre_init              
00003105  abort                         
20001058  ain0Average                   
2000101c  ain0Buffer                    
20001010  ain0Count                     
2000105a  ain0Raw                       
2000100c  ain0Set                       
20001000  ain0Sum                       
2000105c  ain1Average                   
20001026  ain1Buffer                    
20001012  ain1Count                     
2000105e  ain1Raw                       
2000100d  ain1Set                       
20001004  ain1Sum                       
20001060  ain2Average                   
20001030  ain2Buffer                    
20001014  ain2Count                     
20001062  ain2Raw                       
2000100e  ain2Set                       
20001008  ain2Sum                       
00002e31  atoi                          
ffffffff  binit                         
20001040  buffer                        
00001311  clearPinInterrupt             
0000305f  copysign                      
0000305f  copysignl                     
20001018  count                         
20001064  degree                        
000027f5  disableNvicInterrupt          
000012ed  disablePinInterrupt           
00001025  disablePinPulldown            
00000fdd  disablePinPullup              
00000d79  disablePort                   
000027bd  enableNvicInterrupt           
000012c9  enablePinInterrupt            
00001001  enablePinPulldown             
00000faf  enablePinPullup               
00000cbd  enablePort                    
2000103c  errno                         
00002cd1  frexp                         
00002cd1  frexpl                        
00000000  g_pfnVectors                  
0000137f  getPinValue                   
00001435  getPortValue                  
0000232f  getcUart0                     
20001017  index                         
000025b5  initAdc0Ss1                   
00001901  initHw                        
000030cd  initSystemClockTo40Mhz        
00002259  initUart0                     
00002343  kbhitUart0                    
000024a5  ldexp                         
000024a5  ldexpl                        
0000196d  main                          
20001066  max                           
00003043  memccpy                       
00002943  memcpy                        
00002b89  memset                        
20001067  middle                        
20001068  min                           
000022e7  putcUart0                     
00002303  putsUart0                     
00002677  readAdc0Ss1                   
000024a5  scalbn                        
000024a5  scalbnl                       
20001069  section                       
00000ee3  selectPinAnalogInput          
00000e95  selectPinDigitalInput         
000011ff  selectPinInterruptBothEdges   
000011af  selectPinInterruptFallingEdge 
00001255  selectPinInterruptHighLevel   
0000128f  selectPinInterruptLowLevel    
0000115f  selectPinInterruptRisingEdge  
00000e47  selectPinOpenDrainOutput      
00000df9  selectPinPushPullOutput       
0000260b  setAdc0Ss1Log2AverageCount    
0000264f  setAdc0Ss1Mux                 
0000282d  setNvicInterruptPriority      
0000104d  setPinAuxFunction             
00000f33  setPinCommitControl           
00001335  setPinValue                   
000013bd  setPortValue                  
000022a3  setUart0BaudRate              
00002e7d  snprintf                      
20001016  spike                         
00003091  strchr                        
000030a7  strlen                        
0000135b  togglePinValue                
000030bb  wcslen                        


GLOBAL SYMBOLS: SORTED BY Symbol Address 

address   name                          
-------   ----                          
00000000  __TI_static_base__            
00000000  g_pfnVectors                  
0000026d  __TI_printfi                  
00000cbb  __aeabi_idiv0                 
00000cbb  __aeabi_ldiv0                 
00000cbd  enablePort                    
00000d79  disablePort                   
00000df9  selectPinPushPullOutput       
00000e47  selectPinOpenDrainOutput      
00000e95  selectPinDigitalInput         
00000ee3  selectPinAnalogInput          
00000f33  setPinCommitControl           
00000faf  enablePinPullup               
00000fdd  disablePinPullup              
00001000  __STACK_SIZE                  
00001001  enablePinPulldown             
00001025  disablePinPulldown            
0000104d  setPinAuxFunction             
0000115f  selectPinInterruptRisingEdge  
000011af  selectPinInterruptFallingEdge 
000011ff  selectPinInterruptBothEdges   
00001255  selectPinInterruptHighLevel   
0000128f  selectPinInterruptLowLevel    
000012c9  enablePinInterrupt            
000012ed  disablePinInterrupt           
00001311  clearPinInterrupt             
00001335  setPinValue                   
0000135b  togglePinValue                
0000137f  getPinValue                   
000013bd  setPortValue                  
00001435  getPortValue                  
000014c5  Adc0Ss1Isr                    
00001901  initHw                        
0000196d  main                          
00001e2d  __aeabi_dsub                  
00001e37  __aeabi_dadd                  
00002121  __aeabi_ddiv                  
00002259  initUart0                     
000022a3  setUart0BaudRate              
000022e7  putcUart0                     
00002303  putsUart0                     
0000232f  getcUart0                     
00002343  kbhitUart0                    
000024a5  ldexp                         
000024a5  ldexpl                        
000024a5  scalbn                        
000024a5  scalbnl                       
000025b5  initAdc0Ss1                   
0000260b  setAdc0Ss1Log2AverageCount    
0000264f  setAdc0Ss1Mux                 
00002677  readAdc0Ss1                   
000026c1  __aeabi_dmul                  
000027bd  enableNvicInterrupt           
000027f5  disableNvicInterrupt          
0000282d  setNvicInterruptPriority      
00002943  __aeabi_memcpy                
00002943  __aeabi_memcpy4               
00002943  __aeabi_memcpy8               
00002943  memcpy                        
000029df  __aeabi_uldivmod              
00002a75  __aeabi_cdcmpeq               
00002a75  __aeabi_cdcmple               
00002afb  __aeabi_cdrcmple              
00002b81  __aeabi_memclr                
00002b81  __aeabi_memclr4               
00002b81  __aeabi_memclr8               
00002b83  __aeabi_memset                
00002b83  __aeabi_memset4               
00002b83  __aeabi_memset8               
00002b89  memset                        
00002c69  __TI_decompress_lzss          
00002cd1  frexp                         
00002cd1  frexpl                        
00002d8b  __TI_ltoa                     
00002e31  atoi                          
00002e7d  snprintf                      
00002ec9  __aeabi_d2iz                  
00002f11  __TI_auto_init_nobinit_nopinit
00002f95  _c_int00_noargs               
00002ff9  __aeabi_i2d                   
00003027  __TI_zero_init_nomemset       
00003043  memccpy                       
0000305f  copysign                      
0000305f  copysignl                     
00003091  strchr                        
000030a7  strlen                        
000030bb  wcslen                        
000030cd  initSystemClockTo40Mhz        
000030dd  __TI_decompress_none          
000030eb  ResetISR                      
000030f9  __aeabi_errno_addr            
00003101  _system_pre_init              
00003105  C$$EXIT                       
00003105  abort                         
00003108  _ctypes_                      
00003220  __TI_Handler_Table_Base       
0000322c  __TI_Handler_Table_Limit      
00003238  __TI_CINIT_Base               
00003248  __TI_CINIT_Limit              
20000000  __stack                       
20000000  __start___llvm_prf_cnts       
20000000  __stop___llvm_prf_cnts        
20000200  __STACK_TOP                   
20001000  __STACK_END                   
20001000  ain0Sum                       
20001004  ain1Sum                       
20001008  ain2Sum                       
2000100c  ain0Set                       
2000100d  ain1Set                       
2000100e  ain2Set                       
20001010  ain0Count                     
20001012  ain1Count                     
20001014  ain2Count                     
20001016  spike                         
20001017  index                         
20001018  count                         
2000101c  ain0Buffer                    
20001026  ain1Buffer                    
20001030  ain2Buffer                    
2000103c  errno                         
20001040  buffer                        
20001058  ain0Average                   
2000105a  ain0Raw                       
2000105c  ain1Average                   
2000105e  ain1Raw                       
20001060  ain2Average                   
20001062  ain2Raw                       
20001064  degree                        
20001066  max                           
20001067  middle                        
20001068  min                           
20001069  section                       
ffffffff  __TI_pprof_out_hndl           
ffffffff  __TI_prof_data_size           
ffffffff  __TI_prof_data_start          
ffffffff  __binit__                     
ffffffff  __c_args__                    
ffffffff  binit                         
UNDEFED   __mpu_init                    
UNDEFED   _system_post_cinit            

[140 symbols]
