******************************************************************************
                  TI ARM Linker PC v20.2.6                     
******************************************************************************
>> Linked Sun Apr 23 18:53:29 2023

OUTPUT FILE NAME:   <emb2Aoa.out>
ENTRY POINT SYMBOL: "_c_int00_noargs"  address: 00003b69


MEMORY CONFIGURATION

         name            origin    length      used     unused   attr    fill
----------------------  --------  ---------  --------  --------  ----  --------
  FLASH                 00000000   00040000  00003e45  0003c1bb  R  X
  SRAM                  20000000   00008000  000010b4  00006f4c  RW X


SEGMENT ALLOCATION MAP

run origin  load origin   length   init length attrs members
----------  ----------- ---------- ----------- ----- -------
00000000    00000000    00003e48   00003e48    r-x
  00000000    00000000    0000026c   0000026c    r-- .intvecs
  0000026c    0000026c    00003a90   00003a90    r-x .text
  00003cfc    00003cfc    00000101   00000101    r-- .const
  00003e00    00003e00    00000048   00000048    r-- .cinit
20000000    20000000    000010b4   00000000    rw-
  20000000    20000000    00001000   00000000    rw- .stack
  20001000    20001000    0000005c   00000000    rw- .bss
  2000105c    2000105c    00000058   00000000    rw- .data


SECTION ALLOCATION MAP

 output                                  attributes/
section   page    origin      length       input sections
--------  ----  ----------  ----------   ----------------
.intvecs   0    00000000    0000026c     
                  00000000    0000026c     tm4c123gh6pm_startup_ccs.obj (.intvecs)

.text      0    0000026c    00003a90     
                  0000026c    00000cb4     main.obj (.text)
                  00000f20    00000a4e     rtsv7M4_T_le_v4SPD16_eabi.lib : _printfi.c.obj (.text:__TI_printfi)
                  0000196e    00000002                                   : div0.asm.obj (.text)
                  00001970    00000808     gpio.obj (.text)
                  00002178    00000288     commands.obj (.text)
                  00002400    00000270     rtsv7M4_T_le_v4SPD16_eabi.lib : _printfi.c.obj (.text:_pconv_a)
                  00002670    000001d0                                   : _printfi.c.obj (.text:_pconv_g)
                  00002840    000001b6                                   : fd_add_t2.asm.obj (.text)
                  000029f6    00000002     --HOLE-- [fill = 0]
                  000029f8    0000013c                                   : _printfi.c.obj (.text:_pconv_e)
                  00002b34    00000136                                   : fd_div_t2.asm.obj (.text)
                  00002c6a    00000002     --HOLE-- [fill = 0]
                  00002c6c    00000128     uart0.obj (.text)
                  00002d94    00000124     rtsv7M4_T_le_v4SPD16_eabi.lib : _printfi.c.obj (.text:fcvt)
                  00002eb8    00000118     rgb_led.obj (.text)
                  00002fd0    00000110     rtsv7M4_T_le_v4SPD16_eabi.lib : s_scalbn.c.obj (.text:scalbn)
                  000030e0    0000010c     adc0.obj (.text)
                  000031ec    000000fc     rtsv7M4_T_le_v4SPD16_eabi.lib : fd_mul_t2.asm.obj (.text)
                  000032e8    000000d4     nvic.obj (.text)
                  000033bc    000000b1     rtsv7M4_T_le_v4SPD16_eabi.lib : _printfi.c.obj (.text:_ltostr)
                  0000346d    00000001     --HOLE-- [fill = 0]
                  0000346e    0000009c                                   : memcpy_t2.asm.obj (.text)
                  0000350a    00000096                                   : ull_div_t2.asm.obj (.text)
                  000035a0    00000086                                   : fd_cmp_t2.asm.obj (.text:__aeabi_cdcmple)
                  00003626    00000086                                   : fd_cmp_t2.asm.obj (.text:__aeabi_cdrcmple)
                  000036ac    0000007a                                   : memset_t2.asm.obj (.text)
                  00003726    0000006e                                   : _printfi.c.obj (.text:_mcpy)
                  00003794    0000006e                                   : fd_tos_t2.asm.obj (.text)
                  00003802    00000068                                   : copy_decompress_lzss.c.obj (.text:decompress:lzss:__TI_decompress_lzss)
                  0000386a    00000002     --HOLE-- [fill = 0]
                  0000386c    00000064                                   : s_frexp.c.obj (.text:frexp)
                  000038d0    00000056                                   : _printfi.c.obj (.text:_pconv_f)
                  00003926    00000054                                   : _ltoa.c.obj (.text:__TI_ltoa)
                  0000397a    00000052                                   : _printfi.c.obj (.text:_ecpy)
                  000039cc    0000004c                                   : atoi.c.obj (.text:atoi)
                  00003a18    0000004c                                   : snprintf.c.obj (.text:snprintf)
                  00003a64    00000048                                   : fd_toi_t2.asm.obj (.text)
                  00003aac    00000044                                   : autoinit.c.obj (.text:__TI_auto_init_nobinit_nopinit:__TI_auto_init_nobinit_nopinit)
                  00003af0    0000003e                                   : _printfi.c.obj (.text:_fcpy)
                  00003b2e    00000038                                   : fs_tod_t2.asm.obj (.text)
                  00003b66    00000002     --HOLE-- [fill = 0]
                  00003b68    00000034                                   : boot_cortex_m.c.obj (.text:_c_int00_noargs:_c_int00_noargs)
                  00003b9c    00000030                                   : snprintf.c.obj (.text:_outs)
                  00003bcc    0000002e                                   : i_tofd_t2.asm.obj (.text)
                  00003bfa    00000020                                   : u_tofd_t2.asm.obj (.text)
                  00003c1a    0000001c                                   : copy_zero_init.c.obj (.text:decompress:ZI:__TI_zero_init_nomemset:__TI_zero_init_nomemset)
                  00003c36    0000001c                                   : memccpy.c.obj (.text:memccpy)
                  00003c52    0000001a                                   : s_copysign.c.obj (.text:copysign)
                  00003c6c    00000018                                   : snprintf.c.obj (.text:_outc)
                  00003c84    00000016                                   : strchr.c.obj (.text:strchr)
                  00003c9a    00000014                                   : strlen.c.obj (.text:strlen)
                  00003cae    00000012                                   : wcslen.c.obj (.text:wcslen)
                  00003cc0    00000010     clock.obj (.text)
                  00003cd0    0000000e     rtsv7M4_T_le_v4SPD16_eabi.lib : copy_decompress_none.c.obj (.text:decompress:none:__TI_decompress_none)
                  00003cde    0000000c     tm4c123gh6pm_startup_ccs.obj (.text)
                  00003cea    00000002     --HOLE-- [fill = 0]
                  00003cec    00000008     rtsv7M4_T_le_v4SPD16_eabi.lib : errno.c.obj (.text:__aeabi_errno_addr)
                  00003cf4    00000004                                   : pre_init.c.obj (.text:_system_pre_init)
                  00003cf8    00000004                                   : exit.c.obj (.text:abort:abort)

.const     0    00003cfc    00000101     
                  00003cfc    00000101     rtsv7M4_T_le_v4SPD16_eabi.lib : ctype.c.obj (.const:.string:_ctypes_)

.cinit     0    00003e00    00000048     
                  00003e00    00000023     (.cinit..data.load) [load image, compression = lzss]
                  00003e23    00000001     --HOLE-- [fill = 0]
                  00003e24    0000000c     (__TI_handler_table)
                  00003e30    00000008     (.cinit..bss.load) [load image, compression = zero_init]
                  00003e38    00000010     (__TI_cinit_table)

.init_array 
*          0    00000000    00000000     UNINITIALIZED

.bss       0    20001000    0000005c     UNINITIALIZED
                  20001000    00000048     (.common:buffer)
                  20001048    00000004     (.common:degree)
                  2000104c    00000002     (.common:ain0Average)
                  2000104e    00000002     (.common:ain0Raw)
                  20001050    00000002     (.common:ain1Average)
                  20001052    00000002     (.common:ain1Raw)
                  20001054    00000002     (.common:ain2Average)
                  20001056    00000002     (.common:ain2Raw)
                  20001058    00000001     (.common:k)
                  20001059    00000001     (.common:section)
                  2000105a    00000001     (.common:value1)
                  2000105b    00000001     (.common:value2)

.data      0    2000105c    00000058     UNINITIALIZED
                  2000105c    00000035     main.obj (.data)
                  20001091    00000001     --HOLE--
                  20001092    0000000a     main.obj (.data:ain0Buffer)
                  2000109c    0000000a     main.obj (.data:ain1Buffer)
                  200010a6    0000000a     main.obj (.data:ain2Buffer)
                  200010b0    00000004     rtsv7M4_T_le_v4SPD16_eabi.lib : errno.c.obj (.data)

.stack     0    20000000    00001000     UNINITIALIZED
                  20000000    00000004     rtsv7M4_T_le_v4SPD16_eabi.lib : boot_cortex_m.c.obj (.stack)
                  20000004    00000ffc     --HOLE--

__llvm_prf_cnts 
*          0    20000000    00000000     UNINITIALIZED

MODULE SUMMARY

       Module                         code    ro data   rw data
       ------                         ----    -------   -------
    .\
       main.obj                       3252    0         175    
       gpio.obj                       2056    0         0      
       commands.obj                   648     0         0      
       tm4c123gh6pm_startup_ccs.obj   12      620       0      
       uart0.obj                      296     0         0      
       rgb_led.obj                    280     0         0      
       adc0.obj                       268     0         0      
       nvic.obj                       212     0         0      
       clock.obj                      16      0         0      
    +--+------------------------------+-------+---------+---------+
       Total:                         7040    620       175    
                                                               
    C:\ti\ccs1200\ccs\tools\compiler\ti-cgt-arm_20.2.6.LTS\lib\rtsv7M4_T_le_v4SPD16_eabi.lib
       _printfi.c.obj                 4851    0         0      
       fd_add_t2.asm.obj              438     0         0      
       fd_div_t2.asm.obj              310     0         0      
       s_scalbn.c.obj                 272     0         0      
       fd_cmp_t2.asm.obj              268     0         0      
       ctype.c.obj                    0       257       0      
       fd_mul_t2.asm.obj              252     0         0      
       memcpy_t2.asm.obj              156     0         0      
       ull_div_t2.asm.obj             150     0         0      
       snprintf.c.obj                 148     0         0      
       memset_t2.asm.obj              122     0         0      
       fd_tos_t2.asm.obj              110     0         0      
       copy_decompress_lzss.c.obj     104     0         0      
       s_frexp.c.obj                  100     0         0      
       _ltoa.c.obj                    84      0         0      
       atoi.c.obj                     76      0         0      
       fd_toi_t2.asm.obj              72      0         0      
       autoinit.c.obj                 68      0         0      
       fs_tod_t2.asm.obj              56      0         0      
       boot_cortex_m.c.obj            52      0         0      
       i_tofd_t2.asm.obj              46      0         0      
       u_tofd_t2.asm.obj              32      0         0      
       copy_zero_init.c.obj           28      0         0      
       memccpy.c.obj                  28      0         0      
       s_copysign.c.obj               26      0         0      
       strchr.c.obj                   22      0         0      
       strlen.c.obj                   20      0         0      
       wcslen.c.obj                   18      0         0      
       copy_decompress_none.c.obj     14      0         0      
       errno.c.obj                    8       0         4      
       exit.c.obj                     4       0         0      
       pre_init.c.obj                 4       0         0      
       div0.asm.obj                   2       0         0      
    +--+------------------------------+-------+---------+---------+
       Total:                         7941    257       4      
                                                               
       Stack:                         0       0         4096   
       Linker Generated:              0       71        0      
    +--+------------------------------+-------+---------+---------+
       Grand Total:                   14981   948       4275   


LINKER GENERATED COPY TABLES

__TI_cinit_table @ 00003e38 records: 2, size/record: 8, table size: 16
	.data: load addr=00003e00, load size=00000023 bytes, run addr=2000105c, run size=00000058 bytes, compression=lzss
	.bss: load addr=00003e30, load size=00000008 bytes, run addr=20001000, run size=0000005c bytes, compression=zero_init


LINKER GENERATED HANDLER TABLE

__TI_handler_table @ 00003e24 records: 3, size/record: 4, table size: 12
	index: 0, handler: __TI_decompress_lzss
	index: 1, handler: __TI_decompress_none
	index: 2, handler: __TI_zero_init


GLOBAL SYMBOLS: SORTED ALPHABETICALLY BY Name 

address   name                          
-------   ----                          
0000026d  Adc0Ss1Isr                    
00003cf9  C$$EXIT                       
00003cdf  ResetISR                      
20001000  __STACK_END                   
00001000  __STACK_SIZE                  
20000200  __STACK_TOP                   
00003e38  __TI_CINIT_Base               
00003e48  __TI_CINIT_Limit              
00003e24  __TI_Handler_Table_Base       
00003e30  __TI_Handler_Table_Limit      
00003aad  __TI_auto_init_nobinit_nopinit
00003803  __TI_decompress_lzss          
00003cd1  __TI_decompress_none          
00003927  __TI_ltoa                     
ffffffff  __TI_pprof_out_hndl           
00000f21  __TI_printfi                  
ffffffff  __TI_prof_data_size           
ffffffff  __TI_prof_data_start          
00000000  __TI_static_base__            
00003c1b  __TI_zero_init_nomemset       
000035a1  __aeabi_cdcmpeq               
000035a1  __aeabi_cdcmple               
00003627  __aeabi_cdrcmple              
00003795  __aeabi_d2f                   
00003a65  __aeabi_d2iz                  
0000284b  __aeabi_dadd                  
00002b35  __aeabi_ddiv                  
000031ed  __aeabi_dmul                  
00002841  __aeabi_dsub                  
00003ced  __aeabi_errno_addr            
00003b2f  __aeabi_f2d                   
00003bcd  __aeabi_i2d                   
0000196f  __aeabi_idiv0                 
0000196f  __aeabi_ldiv0                 
000036ad  __aeabi_memclr                
000036ad  __aeabi_memclr4               
000036ad  __aeabi_memclr8               
0000346f  __aeabi_memcpy                
0000346f  __aeabi_memcpy4               
0000346f  __aeabi_memcpy8               
000036af  __aeabi_memset                
000036af  __aeabi_memset4               
000036af  __aeabi_memset8               
00003bfb  __aeabi_ui2d                  
0000350b  __aeabi_uldivmod              
ffffffff  __binit__                     
ffffffff  __c_args__                    
UNDEFED   __mpu_init                    
20000000  __stack                       
20000000  __start___llvm_prf_cnts       
20000000  __stop___llvm_prf_cnts        
00003b69  _c_int00_noargs               
00003cfc  _ctypes_                      
UNDEFED   _system_post_cinit            
00003cf5  _system_pre_init              
00003cf9  abort                         
2000104c  ain0Average                   
20001092  ain0Buffer                    
2000106c  ain0Count                     
2000104e  ain0Raw                       
20001068  ain0Set                       
2000105c  ain0Sum                       
20001050  ain1Average                   
2000109c  ain1Buffer                    
2000106e  ain1Count                     
20001052  ain1Raw                       
20001069  ain1Set                       
20001060  ain1Sum                       
20001054  ain2Average                   
200010a6  ain2Buffer                    
20001070  ain2Count                     
20001056  ain2Raw                       
2000106a  ain2Set                       
20001064  ain2Sum                       
20001072  aoaOn                         
000039cd  atoi                          
00002179  atoi1                         
2000107c  backoff                       
ffffffff  binit                         
20001000  buffer                        
00001fc5  clearPinInterrupt             
00003c53  copysign                      
00003c53  copysignl                     
2000108c  count                         
20001048  degree                        
00003321  disableNvicInterrupt          
00001fa1  disablePinInterrupt           
00001cd9  disablePinPulldown            
00001c91  disablePinPullup              
00001a2d  disablePort                   
000032e9  enableNvicInterrupt           
00001f7d  enablePinInterrupt            
00001cb5  enablePinPulldown             
00001c63  enablePinPullup               
00001971  enablePort                    
200010b0  errno                         
20001073  failOn                        
0000386d  frexp                         
0000386d  frexpl                        
00000000  g_pfnVectors                  
00002397  getFieldInteger               
00002367  getFieldString                
00002033  getPinValue                   
000020e9  getPortValue                  
00002d43  getcUart0                     
000021f5  getsUart0                     
20001084  holdoff                       
20001088  holdoffVal                    
20001078  index                         
000030e1  initAdc0Ss1                   
00000a35  initHw                        
00002eb9  initRgb                       
00003cc1  initSystemClockTo40Mhz        
00002c6d  initUart0                     
000023d7  isCommand                     
20001058  k                             
00002d57  kbhitUart0                    
00002fd1  ldexp                         
00002fd1  ldexpl                        
00000abd  main                          
00003c37  memccpy                       
0000346f  memcpy                        
000036b5  memset                        
0000227b  parseFields                   
00002cfb  putcUart0                     
00002d17  putsUart0                     
000031a3  readAdc0Ss1                   
00002fd1  scalbn                        
00002fd1  scalbnl                       
20001059  section                       
00001b97  selectPinAnalogInput          
00001b49  selectPinDigitalInput         
00001eb3  selectPinInterruptBothEdges   
00001e63  selectPinInterruptFallingEdge 
00001f09  selectPinInterruptHighLevel   
00001f43  selectPinInterruptLowLevel    
00001e13  selectPinInterruptRisingEdge  
00001afb  selectPinOpenDrainOutput      
00001aad  selectPinPushPullOutput       
00003137  setAdc0Ss1Log2AverageCount    
0000317b  setAdc0Ss1Mux                 
000007d9  setColor                      
00003359  setNvicInterruptPriority      
00001d01  setPinAuxFunction             
00001be7  setPinCommitControl           
00001fe9  setPinValue                   
00002071  setPortValue                  
00002f61  setRgbColor                   
00002cb7  setUart0BaudRate              
00003a19  snprintf                      
20001076  spike                         
00003c85  strchr                        
000021b3  strcmp1                       
00003c9b  strlen                        
20001074  tdoaOn                        
20001080  timeConstant                  
0000200f  togglePinValue                
2000105a  value1                        
2000105b  value2                        
20001090  wait                          
00003caf  wcslen                        


GLOBAL SYMBOLS: SORTED BY Symbol Address 

address   name                          
-------   ----                          
00000000  __TI_static_base__            
00000000  g_pfnVectors                  
0000026d  Adc0Ss1Isr                    
000007d9  setColor                      
00000a35  initHw                        
00000abd  main                          
00000f21  __TI_printfi                  
00001000  __STACK_SIZE                  
0000196f  __aeabi_idiv0                 
0000196f  __aeabi_ldiv0                 
00001971  enablePort                    
00001a2d  disablePort                   
00001aad  selectPinPushPullOutput       
00001afb  selectPinOpenDrainOutput      
00001b49  selectPinDigitalInput         
00001b97  selectPinAnalogInput          
00001be7  setPinCommitControl           
00001c63  enablePinPullup               
00001c91  disablePinPullup              
00001cb5  enablePinPulldown             
00001cd9  disablePinPulldown            
00001d01  setPinAuxFunction             
00001e13  selectPinInterruptRisingEdge  
00001e63  selectPinInterruptFallingEdge 
00001eb3  selectPinInterruptBothEdges   
00001f09  selectPinInterruptHighLevel   
00001f43  selectPinInterruptLowLevel    
00001f7d  enablePinInterrupt            
00001fa1  disablePinInterrupt           
00001fc5  clearPinInterrupt             
00001fe9  setPinValue                   
0000200f  togglePinValue                
00002033  getPinValue                   
00002071  setPortValue                  
000020e9  getPortValue                  
00002179  atoi1                         
000021b3  strcmp1                       
000021f5  getsUart0                     
0000227b  parseFields                   
00002367  getFieldString                
00002397  getFieldInteger               
000023d7  isCommand                     
00002841  __aeabi_dsub                  
0000284b  __aeabi_dadd                  
00002b35  __aeabi_ddiv                  
00002c6d  initUart0                     
00002cb7  setUart0BaudRate              
00002cfb  putcUart0                     
00002d17  putsUart0                     
00002d43  getcUart0                     
00002d57  kbhitUart0                    
00002eb9  initRgb                       
00002f61  setRgbColor                   
00002fd1  ldexp                         
00002fd1  ldexpl                        
00002fd1  scalbn                        
00002fd1  scalbnl                       
000030e1  initAdc0Ss1                   
00003137  setAdc0Ss1Log2AverageCount    
0000317b  setAdc0Ss1Mux                 
000031a3  readAdc0Ss1                   
000031ed  __aeabi_dmul                  
000032e9  enableNvicInterrupt           
00003321  disableNvicInterrupt          
00003359  setNvicInterruptPriority      
0000346f  __aeabi_memcpy                
0000346f  __aeabi_memcpy4               
0000346f  __aeabi_memcpy8               
0000346f  memcpy                        
0000350b  __aeabi_uldivmod              
000035a1  __aeabi_cdcmpeq               
000035a1  __aeabi_cdcmple               
00003627  __aeabi_cdrcmple              
000036ad  __aeabi_memclr                
000036ad  __aeabi_memclr4               
000036ad  __aeabi_memclr8               
000036af  __aeabi_memset                
000036af  __aeabi_memset4               
000036af  __aeabi_memset8               
000036b5  memset                        
00003795  __aeabi_d2f                   
00003803  __TI_decompress_lzss          
0000386d  frexp                         
0000386d  frexpl                        
00003927  __TI_ltoa                     
000039cd  atoi                          
00003a19  snprintf                      
00003a65  __aeabi_d2iz                  
00003aad  __TI_auto_init_nobinit_nopinit
00003b2f  __aeabi_f2d                   
00003b69  _c_int00_noargs               
00003bcd  __aeabi_i2d                   
00003bfb  __aeabi_ui2d                  
00003c1b  __TI_zero_init_nomemset       
00003c37  memccpy                       
00003c53  copysign                      
00003c53  copysignl                     
00003c85  strchr                        
00003c9b  strlen                        
00003caf  wcslen                        
00003cc1  initSystemClockTo40Mhz        
00003cd1  __TI_decompress_none          
00003cdf  ResetISR                      
00003ced  __aeabi_errno_addr            
00003cf5  _system_pre_init              
00003cf9  C$$EXIT                       
00003cf9  abort                         
00003cfc  _ctypes_                      
00003e24  __TI_Handler_Table_Base       
00003e30  __TI_Handler_Table_Limit      
00003e38  __TI_CINIT_Base               
00003e48  __TI_CINIT_Limit              
20000000  __stack                       
20000000  __start___llvm_prf_cnts       
20000000  __stop___llvm_prf_cnts        
20000200  __STACK_TOP                   
20001000  __STACK_END                   
20001000  buffer                        
20001048  degree                        
2000104c  ain0Average                   
2000104e  ain0Raw                       
20001050  ain1Average                   
20001052  ain1Raw                       
20001054  ain2Average                   
20001056  ain2Raw                       
20001058  k                             
20001059  section                       
2000105a  value1                        
2000105b  value2                        
2000105c  ain0Sum                       
20001060  ain1Sum                       
20001064  ain2Sum                       
20001068  ain0Set                       
20001069  ain1Set                       
2000106a  ain2Set                       
2000106c  ain0Count                     
2000106e  ain1Count                     
20001070  ain2Count                     
20001072  aoaOn                         
20001073  failOn                        
20001074  tdoaOn                        
20001076  spike                         
20001078  index                         
2000107c  backoff                       
20001080  timeConstant                  
20001084  holdoff                       
20001088  holdoffVal                    
2000108c  count                         
20001090  wait                          
20001092  ain0Buffer                    
2000109c  ain1Buffer                    
200010a6  ain2Buffer                    
200010b0  errno                         
ffffffff  __TI_pprof_out_hndl           
ffffffff  __TI_prof_data_size           
ffffffff  __TI_prof_data_start          
ffffffff  __binit__                     
ffffffff  __c_args__                    
ffffffff  binit                         
UNDEFED   __mpu_init                    
UNDEFED   _system_post_cinit            

[161 symbols]
