******************************************************************************
                  TI ARM Linker PC v20.2.6                     
******************************************************************************
>> Linked Tue Apr  4 13:35:24 2023

OUTPUT FILE NAME:   <emb2Aoa.out>
ENTRY POINT SYMBOL: "_c_int00_noargs"  address: 00002d85


MEMORY CONFIGURATION

         name            origin    length      used     unused   attr    fill
----------------------  --------  ---------  --------  --------  ----  --------
  FLASH                 00000000   00040000  0000304d  0003cfb3  R  X
  SRAM                  20000000   00008000  0000105c  00006fa4  RW X


SEGMENT ALLOCATION MAP

run origin  load origin   length   init length attrs members
----------  ----------- ---------- ----------- ----- -------
00000000    00000000    00003050   00003050    r-x
  00000000    00000000    0000026c   0000026c    r-- .intvecs
  0000026c    0000026c    00002cb0   00002cb0    r-x .text
  00002f1c    00002f1c    00000101   00000101    r-- .const
  00003020    00003020    00000030   00000030    r-- .cinit
20000000    20000000    0000105c   00000000    rw-
  20000000    20000000    00001000   00000000    rw- .stack
  20001000    20001000    00000038   00000000    rw- .data
  20001038    20001038    00000024   00000000    rw- .bss


SECTION ALLOCATION MAP

 output                                  attributes/
section   page    origin      length       input sections
--------  ----  ----------  ----------   ----------------
.intvecs   0    00000000    0000026c     
                  00000000    0000026c     tm4c123gh6pm_startup_ccs.obj (.intvecs)

.text      0    0000026c    00002cb0     
                  0000026c    00000a4e     rtsv7M4_T_le_v4SPD16_eabi.lib : _printfi.c.obj (.text:__TI_printfi)
                  00000cba    00000002                                   : div0.asm.obj (.text)
                  00000cbc    00000808     gpio.obj (.text)
                  000014c4    00000318     main.obj (.text)
                  000017dc    00000270     rtsv7M4_T_le_v4SPD16_eabi.lib : _printfi.c.obj (.text:_pconv_a)
                  00001a4c    000001d0                                   : _printfi.c.obj (.text:_pconv_g)
                  00001c1c    000001b6                                   : fd_add_t2.asm.obj (.text)
                  00001dd2    00000002     --HOLE-- [fill = 0]
                  00001dd4    0000013c                                   : _printfi.c.obj (.text:_pconv_e)
                  00001f10    00000136                                   : fd_div_t2.asm.obj (.text)
                  00002046    00000002     --HOLE-- [fill = 0]
                  00002048    00000128     uart0.obj (.text)
                  00002170    00000124     rtsv7M4_T_le_v4SPD16_eabi.lib : _printfi.c.obj (.text:fcvt)
                  00002294    00000110                                   : s_scalbn.c.obj (.text:scalbn)
                  000023a4    0000010c     adc0.obj (.text)
                  000024b0    000000fc     rtsv7M4_T_le_v4SPD16_eabi.lib : fd_mul_t2.asm.obj (.text)
                  000025ac    000000d4     nvic.obj (.text)
                  00002680    000000b1     rtsv7M4_T_le_v4SPD16_eabi.lib : _printfi.c.obj (.text:_ltostr)
                  00002731    00000001     --HOLE-- [fill = 0]
                  00002732    0000009c                                   : memcpy_t2.asm.obj (.text)
                  000027ce    00000096                                   : ull_div_t2.asm.obj (.text)
                  00002864    00000086                                   : fd_cmp_t2.asm.obj (.text:__aeabi_cdcmple)
                  000028ea    00000086                                   : fd_cmp_t2.asm.obj (.text:__aeabi_cdrcmple)
                  00002970    0000007a                                   : memset_t2.asm.obj (.text)
                  000029ea    0000006e                                   : _printfi.c.obj (.text:_mcpy)
                  00002a58    00000068                                   : copy_decompress_lzss.c.obj (.text:decompress:lzss:__TI_decompress_lzss)
                  00002ac0    00000064                                   : s_frexp.c.obj (.text:frexp)
                  00002b24    00000056                                   : _printfi.c.obj (.text:_pconv_f)
                  00002b7a    00000054                                   : _ltoa.c.obj (.text:__TI_ltoa)
                  00002bce    00000052                                   : _printfi.c.obj (.text:_ecpy)
                  00002c20    0000004c                                   : atoi.c.obj (.text:atoi)
                  00002c6c    0000004c                                   : snprintf.c.obj (.text:snprintf)
                  00002cb8    00000048                                   : fd_toi_t2.asm.obj (.text)
                  00002d00    00000044                                   : autoinit.c.obj (.text:__TI_auto_init_nobinit_nopinit:__TI_auto_init_nobinit_nopinit)
                  00002d44    0000003e                                   : _printfi.c.obj (.text:_fcpy)
                  00002d82    00000002     --HOLE-- [fill = 0]
                  00002d84    00000034                                   : boot_cortex_m.c.obj (.text:_c_int00_noargs:_c_int00_noargs)
                  00002db8    00000030                                   : snprintf.c.obj (.text:_outs)
                  00002de8    0000002e                                   : i_tofd_t2.asm.obj (.text)
                  00002e16    00000024     wait.obj (.text)
                  00002e3a    0000001c     rtsv7M4_T_le_v4SPD16_eabi.lib : copy_zero_init.c.obj (.text:decompress:ZI:__TI_zero_init_nomemset:__TI_zero_init_nomemset)
                  00002e56    0000001c                                   : memccpy.c.obj (.text:memccpy)
                  00002e72    0000001a                                   : s_copysign.c.obj (.text:copysign)
                  00002e8c    00000018                                   : snprintf.c.obj (.text:_outc)
                  00002ea4    00000016                                   : strchr.c.obj (.text:strchr)
                  00002eba    00000014                                   : strlen.c.obj (.text:strlen)
                  00002ece    00000012                                   : wcslen.c.obj (.text:wcslen)
                  00002ee0    00000010     clock.obj (.text)
                  00002ef0    0000000e     rtsv7M4_T_le_v4SPD16_eabi.lib : copy_decompress_none.c.obj (.text:decompress:none:__TI_decompress_none)
                  00002efe    0000000c     tm4c123gh6pm_startup_ccs.obj (.text)
                  00002f0a    00000002     --HOLE-- [fill = 0]
                  00002f0c    00000008     rtsv7M4_T_le_v4SPD16_eabi.lib : errno.c.obj (.text:__aeabi_errno_addr)
                  00002f14    00000004                                   : pre_init.c.obj (.text:_system_pre_init)
                  00002f18    00000004                                   : exit.c.obj (.text:abort:abort)

.const     0    00002f1c    00000101     
                  00002f1c    00000101     rtsv7M4_T_le_v4SPD16_eabi.lib : ctype.c.obj (.const:.string:_ctypes_)

.cinit     0    00003020    00000030     
                  00003020    0000000c     (__TI_handler_table)
                  0000302c    00000004     --HOLE-- [fill = 0]
                  00003030    00000008     (.cinit..bss.load) [load image, compression = zero_init]
                  00003038    00000008     (.cinit..data.load) [load image, compression = lzss]
                  00003040    00000010     (__TI_cinit_table)

.init_array 
*          0    00000000    00000000     UNINITIALIZED

.data      0    20001000    00000038     UNINITIALIZED
                  20001000    00000013     main.obj (.data)
                  20001013    00000001     --HOLE--
                  20001014    0000000a     main.obj (.data:ain0Buffer)
                  2000101e    0000000a     main.obj (.data:ain1Buffer)
                  20001028    0000000a     main.obj (.data:ain2Buffer)
                  20001032    00000002     --HOLE--
                  20001034    00000004     rtsv7M4_T_le_v4SPD16_eabi.lib : errno.c.obj (.data)

.bss       0    20001038    00000024     UNINITIALIZED
                  20001038    00000018     (.common:buffer)
                  20001050    00000002     (.common:ain0Average)
                  20001052    00000002     (.common:ain0Raw)
                  20001054    00000002     (.common:ain1Average)
                  20001056    00000002     (.common:ain1Raw)
                  20001058    00000002     (.common:ain2Average)
                  2000105a    00000002     (.common:ain2Raw)

.stack     0    20000000    00001000     UNINITIALIZED
                  20000000    00000004     rtsv7M4_T_le_v4SPD16_eabi.lib : boot_cortex_m.c.obj (.stack)
                  20000004    00000ffc     --HOLE--

__llvm_prf_cnts 
*          0    20000000    00000000     UNINITIALIZED

MODULE SUMMARY

       Module                         code    ro data   rw data
       ------                         ----    -------   -------
    .\
       gpio.obj                       2056    0         0      
       main.obj                       792     0         85     
       tm4c123gh6pm_startup_ccs.obj   12      620       0      
       uart0.obj                      296     0         0      
       adc0.obj                       268     0         0      
       nvic.obj                       212     0         0      
       wait.obj                       36      0         0      
       clock.obj                      16      0         0      
    +--+------------------------------+-------+---------+---------+
       Total:                         3688    620       85     
                                                               
    C:\ti\ccs1200\ccs\tools\compiler\ti-cgt-arm_20.2.6.LTS\lib\rtsv7M4_T_le_v4SPD16_eabi.lib
       _printfi.c.obj                 4851    0         0      
       fd_add_t2.asm.obj              438     0         0      
       fd_div_t2.asm.obj              310     0         0      
       s_scalbn.c.obj                 272     0         0      
       fd_cmp_t2.asm.obj              268     0         0      
       ctype.c.obj                    0       257       0      
       fd_mul_t2.asm.obj              252     0         0      
       memcpy_t2.asm.obj              156     0         0      
       ull_div_t2.asm.obj             150     0         0      
       snprintf.c.obj                 148     0         0      
       memset_t2.asm.obj              122     0         0      
       copy_decompress_lzss.c.obj     104     0         0      
       s_frexp.c.obj                  100     0         0      
       _ltoa.c.obj                    84      0         0      
       atoi.c.obj                     76      0         0      
       fd_toi_t2.asm.obj              72      0         0      
       autoinit.c.obj                 68      0         0      
       boot_cortex_m.c.obj            52      0         0      
       i_tofd_t2.asm.obj              46      0         0      
       copy_zero_init.c.obj           28      0         0      
       memccpy.c.obj                  28      0         0      
       s_copysign.c.obj               26      0         0      
       strchr.c.obj                   22      0         0      
       strlen.c.obj                   20      0         0      
       wcslen.c.obj                   18      0         0      
       copy_decompress_none.c.obj     14      0         0      
       errno.c.obj                    8       0         4      
       exit.c.obj                     4       0         0      
       pre_init.c.obj                 4       0         0      
       div0.asm.obj                   2       0         0      
    +--+------------------------------+-------+---------+---------+
       Total:                         7743    257       4      
                                                               
       Stack:                         0       0         4096   
       Linker Generated:              0       44        0      
    +--+------------------------------+-------+---------+---------+
       Grand Total:                   11431   921       4185   


LINKER GENERATED COPY TABLES

__TI_cinit_table @ 00003040 records: 2, size/record: 8, table size: 16
	.bss: load addr=00003030, load size=00000008 bytes, run addr=20001038, run size=00000024 bytes, compression=zero_init
	.data: load addr=00003038, load size=00000008 bytes, run addr=20001000, run size=00000038 bytes, compression=lzss


LINKER GENERATED HANDLER TABLE

__TI_handler_table @ 00003020 records: 3, size/record: 4, table size: 12
	index: 0, handler: __TI_decompress_lzss
	index: 1, handler: __TI_decompress_none
	index: 2, handler: __TI_zero_init


GLOBAL SYMBOLS: SORTED ALPHABETICALLY BY Name 

address   name                          
-------   ----                          
000014c5  Adc0Ss1Isr                    
00002f19  C$$EXIT                       
00002eff  ResetISR                      
20001000  __STACK_END                   
00001000  __STACK_SIZE                  
20000200  __STACK_TOP                   
00003040  __TI_CINIT_Base               
00003050  __TI_CINIT_Limit              
00003020  __TI_Handler_Table_Base       
0000302c  __TI_Handler_Table_Limit      
00002d01  __TI_auto_init_nobinit_nopinit
00002a59  __TI_decompress_lzss          
00002ef1  __TI_decompress_none          
00002b7b  __TI_ltoa                     
ffffffff  __TI_pprof_out_hndl           
0000026d  __TI_printfi                  
ffffffff  __TI_prof_data_size           
ffffffff  __TI_prof_data_start          
00000000  __TI_static_base__            
00002e3b  __TI_zero_init_nomemset       
00002865  __aeabi_cdcmpeq               
00002865  __aeabi_cdcmple               
000028eb  __aeabi_cdrcmple              
00002cb9  __aeabi_d2iz                  
00001c27  __aeabi_dadd                  
00001f11  __aeabi_ddiv                  
000024b1  __aeabi_dmul                  
00001c1d  __aeabi_dsub                  
00002f0d  __aeabi_errno_addr            
00002de9  __aeabi_i2d                   
00000cbb  __aeabi_idiv0                 
00000cbb  __aeabi_ldiv0                 
00002971  __aeabi_memclr                
00002971  __aeabi_memclr4               
00002971  __aeabi_memclr8               
00002733  __aeabi_memcpy                
00002733  __aeabi_memcpy4               
00002733  __aeabi_memcpy8               
00002973  __aeabi_memset                
00002973  __aeabi_memset4               
00002973  __aeabi_memset8               
000027cf  __aeabi_uldivmod              
ffffffff  __binit__                     
ffffffff  __c_args__                    
UNDEFED   __mpu_init                    
20000000  __stack                       
20000000  __start___llvm_prf_cnts       
20000000  __stop___llvm_prf_cnts        
00002d85  _c_int00_noargs               
00002f1c  _ctypes_                      
UNDEFED   _system_post_cinit            
00002f15  _system_pre_init              
00002f19  abort                         
20001050  ain0Average                   
20001014  ain0Buffer                    
2000100f  ain0Count                     
20001052  ain0Raw                       
2000100c  ain0Set                       
20001000  ain0Sum                       
20001054  ain1Average                   
2000101e  ain1Buffer                    
20001010  ain1Count                     
20001056  ain1Raw                       
2000100d  ain1Set                       
20001004  ain1Sum                       
20001058  ain2Average                   
20001028  ain2Buffer                    
20001011  ain2Count                     
2000105a  ain2Raw                       
2000100e  ain2Set                       
20001008  ain2Sum                       
00002c21  atoi                          
ffffffff  binit                         
20001038  buffer                        
00001311  clearPinInterrupt             
00002e73  copysign                      
00002e73  copysignl                     
000025e5  disableNvicInterrupt          
000012ed  disablePinInterrupt           
00001025  disablePinPulldown            
00000fdd  disablePinPullup              
00000d79  disablePort                   
000025ad  enableNvicInterrupt           
000012c9  enablePinInterrupt            
00001001  enablePinPulldown             
00000faf  enablePinPullup               
00000cbd  enablePort                    
20001034  errno                         
00002ac1  frexp                         
00002ac1  frexpl                        
00000000  g_pfnVectors                  
0000137f  getPinValue                   
00001435  getPortValue                  
0000211f  getcUart0                     
20001012  index                         
000023a5  initAdc0Ss1                   
000016db  initHw                        
00002ee1  initSystemClockTo40Mhz        
00002049  initUart0                     
00002133  kbhitUart0                    
00002295  ldexp                         
00002295  ldexpl                        
0000172f  main                          
00002e57  memccpy                       
00002733  memcpy                        
00002979  memset                        
000020d7  putcUart0                     
000020f3  putsUart0                     
00002467  readAdc0Ss1                   
00002295  scalbn                        
00002295  scalbnl                       
00000ee3  selectPinAnalogInput          
00000e95  selectPinDigitalInput         
000011ff  selectPinInterruptBothEdges   
000011af  selectPinInterruptFallingEdge 
00001255  selectPinInterruptHighLevel   
0000128f  selectPinInterruptLowLevel    
0000115f  selectPinInterruptRisingEdge  
00000e47  selectPinOpenDrainOutput      
00000df9  selectPinPushPullOutput       
000023fb  setAdc0Ss1Log2AverageCount    
0000243f  setAdc0Ss1Mux                 
0000261d  setNvicInterruptPriority      
0000104d  setPinAuxFunction             
00000f33  setPinCommitControl           
00001335  setPinValue                   
000013bd  setPortValue                  
00002093  setUart0BaudRate              
00002c6d  snprintf                      
00002ea5  strchr                        
00002ebb  strlen                        
0000135b  togglePinValue                
00002e17  waitMicrosecond               
00002ecf  wcslen                        


GLOBAL SYMBOLS: SORTED BY Symbol Address 

address   name                          
-------   ----                          
00000000  __TI_static_base__            
00000000  g_pfnVectors                  
0000026d  __TI_printfi                  
00000cbb  __aeabi_idiv0                 
00000cbb  __aeabi_ldiv0                 
00000cbd  enablePort                    
00000d79  disablePort                   
00000df9  selectPinPushPullOutput       
00000e47  selectPinOpenDrainOutput      
00000e95  selectPinDigitalInput         
00000ee3  selectPinAnalogInput          
00000f33  setPinCommitControl           
00000faf  enablePinPullup               
00000fdd  disablePinPullup              
00001000  __STACK_SIZE                  
00001001  enablePinPulldown             
00001025  disablePinPulldown            
0000104d  setPinAuxFunction             
0000115f  selectPinInterruptRisingEdge  
000011af  selectPinInterruptFallingEdge 
000011ff  selectPinInterruptBothEdges   
00001255  selectPinInterruptHighLevel   
0000128f  selectPinInterruptLowLevel    
000012c9  enablePinInterrupt            
000012ed  disablePinInterrupt           
00001311  clearPinInterrupt             
00001335  setPinValue                   
0000135b  togglePinValue                
0000137f  getPinValue                   
000013bd  setPortValue                  
00001435  getPortValue                  
000014c5  Adc0Ss1Isr                    
000016db  initHw                        
0000172f  main                          
00001c1d  __aeabi_dsub                  
00001c27  __aeabi_dadd                  
00001f11  __aeabi_ddiv                  
00002049  initUart0                     
00002093  setUart0BaudRate              
000020d7  putcUart0                     
000020f3  putsUart0                     
0000211f  getcUart0                     
00002133  kbhitUart0                    
00002295  ldexp                         
00002295  ldexpl                        
00002295  scalbn                        
00002295  scalbnl                       
000023a5  initAdc0Ss1                   
000023fb  setAdc0Ss1Log2AverageCount    
0000243f  setAdc0Ss1Mux                 
00002467  readAdc0Ss1                   
000024b1  __aeabi_dmul                  
000025ad  enableNvicInterrupt           
000025e5  disableNvicInterrupt          
0000261d  setNvicInterruptPriority      
00002733  __aeabi_memcpy                
00002733  __aeabi_memcpy4               
00002733  __aeabi_memcpy8               
00002733  memcpy                        
000027cf  __aeabi_uldivmod              
00002865  __aeabi_cdcmpeq               
00002865  __aeabi_cdcmple               
000028eb  __aeabi_cdrcmple              
00002971  __aeabi_memclr                
00002971  __aeabi_memclr4               
00002971  __aeabi_memclr8               
00002973  __aeabi_memset                
00002973  __aeabi_memset4               
00002973  __aeabi_memset8               
00002979  memset                        
00002a59  __TI_decompress_lzss          
00002ac1  frexp                         
00002ac1  frexpl                        
00002b7b  __TI_ltoa                     
00002c21  atoi                          
00002c6d  snprintf                      
00002cb9  __aeabi_d2iz                  
00002d01  __TI_auto_init_nobinit_nopinit
00002d85  _c_int00_noargs               
00002de9  __aeabi_i2d                   
00002e17  waitMicrosecond               
00002e3b  __TI_zero_init_nomemset       
00002e57  memccpy                       
00002e73  copysign                      
00002e73  copysignl                     
00002ea5  strchr                        
00002ebb  strlen                        
00002ecf  wcslen                        
00002ee1  initSystemClockTo40Mhz        
00002ef1  __TI_decompress_none          
00002eff  ResetISR                      
00002f0d  __aeabi_errno_addr            
00002f15  _system_pre_init              
00002f19  C$$EXIT                       
00002f19  abort                         
00002f1c  _ctypes_                      
00003020  __TI_Handler_Table_Base       
0000302c  __TI_Handler_Table_Limit      
00003040  __TI_CINIT_Base               
00003050  __TI_CINIT_Limit              
20000000  __stack                       
20000000  __start___llvm_prf_cnts       
20000000  __stop___llvm_prf_cnts        
20000200  __STACK_TOP                   
20001000  __STACK_END                   
20001000  ain0Sum                       
20001004  ain1Sum                       
20001008  ain2Sum                       
2000100c  ain0Set                       
2000100d  ain1Set                       
2000100e  ain2Set                       
2000100f  ain0Count                     
20001010  ain1Count                     
20001011  ain2Count                     
20001012  index                         
20001014  ain0Buffer                    
2000101e  ain1Buffer                    
20001028  ain2Buffer                    
20001034  errno                         
20001038  buffer                        
20001050  ain0Average                   
20001052  ain0Raw                       
20001054  ain1Average                   
20001056  ain1Raw                       
20001058  ain2Average                   
2000105a  ain2Raw                       
ffffffff  __TI_pprof_out_hndl           
ffffffff  __TI_prof_data_size           
ffffffff  __TI_prof_data_start          
ffffffff  __binit__                     
ffffffff  __c_args__                    
ffffffff  binit                         
UNDEFED   __mpu_init                    
UNDEFED   _system_post_cinit            

[134 symbols]
